Archive member included to satisfy reference by file (symbol)

c:/progra~2/gnuarm~1/102021~1.10/bin/../lib/gcc/arm-none-eabi/10.3.1/../../../../arm-none-eabi/lib/thumb/v8-m.main+fp/softfp\libm.a(lib_a-wf_sqrt.o)
                              CMakeFiles/BNO055.dir/C_/Pico/pico-sdk/src/rp2_common/pico_float/float_math.c.obj (sqrtf)
c:/progra~2/gnuarm~1/102021~1.10/bin/../lib/gcc/arm-none-eabi/10.3.1/../../../../arm-none-eabi/lib/thumb/v8-m.main+fp/softfp\libm.a(lib_a-ef_sqrt.o)
                              c:/progra~2/gnuarm~1/102021~1.10/bin/../lib/gcc/arm-none-eabi/10.3.1/../../../../arm-none-eabi/lib/thumb/v8-m.main+fp/softfp\libm.a(lib_a-wf_sqrt.o) (__ieee754_sqrtf)
c:/progra~2/gnuarm~1/102021~1.10/bin/../lib/gcc/arm-none-eabi/10.3.1/thumb/v8-m.main+fp/softfp\libgcc.a(_arm_addsubdf3.o)
                              CMakeFiles/BNO055.dir/BNO055.cpp.obj (__aeabi_f2d)
c:/progra~2/gnuarm~1/102021~1.10/bin/../lib/gcc/arm-none-eabi/10.3.1/thumb/v8-m.main+fp/softfp\libgcc.a(_aeabi_ldivmod.o)
                              CMakeFiles/BNO055.dir/C_/Pico/pico-sdk/src/common/pico_time/time.c.obj (__aeabi_ldivmod)
c:/progra~2/gnuarm~1/102021~1.10/bin/../lib/gcc/arm-none-eabi/10.3.1/thumb/v8-m.main+fp/softfp\libgcc.a(_aeabi_uldivmod.o)
                              CMakeFiles/BNO055.dir/C_/Pico/pico-sdk/src/rp2_common/hardware_clocks/clocks.c.obj (__aeabi_uldivmod)
c:/progra~2/gnuarm~1/102021~1.10/bin/../lib/gcc/arm-none-eabi/10.3.1/thumb/v8-m.main+fp/softfp\libgcc.a(_udivmoddi4.o)
                              c:/progra~2/gnuarm~1/102021~1.10/bin/../lib/gcc/arm-none-eabi/10.3.1/thumb/v8-m.main+fp/softfp\libgcc.a(_aeabi_ldivmod.o) (__udivmoddi4)
c:/progra~2/gnuarm~1/102021~1.10/bin/../lib/gcc/arm-none-eabi/10.3.1/thumb/v8-m.main+fp/softfp\libgcc.a(_dvmd_tls.o)
                              c:/progra~2/gnuarm~1/102021~1.10/bin/../lib/gcc/arm-none-eabi/10.3.1/thumb/v8-m.main+fp/softfp\libgcc.a(_aeabi_ldivmod.o) (__aeabi_ldiv0)
c:/progra~2/gnuarm~1/102021~1.10/bin/../lib/gcc/arm-none-eabi/10.3.1/../../../../arm-none-eabi/lib/thumb/v8-m.main+fp/softfp\libg.a(lib_a-calloc.o)
                              CMakeFiles/BNO055.dir/C_/Pico/pico-sdk/src/rp2_common/pico_malloc/malloc.c.obj (calloc)
c:/progra~2/gnuarm~1/102021~1.10/bin/../lib/gcc/arm-none-eabi/10.3.1/../../../../arm-none-eabi/lib/thumb/v8-m.main+fp/softfp\libg.a(lib_a-callocr.o)
                              c:/progra~2/gnuarm~1/102021~1.10/bin/../lib/gcc/arm-none-eabi/10.3.1/../../../../arm-none-eabi/lib/thumb/v8-m.main+fp/softfp\libg.a(lib_a-calloc.o) (_calloc_r)
c:/progra~2/gnuarm~1/102021~1.10/bin/../lib/gcc/arm-none-eabi/10.3.1/../../../../arm-none-eabi/lib/thumb/v8-m.main+fp/softfp\libg.a(lib_a-ctype_.o)
                              CMakeFiles/BNO055.dir/C_/Pico/pico-sdk/lib/tinyusb/src/tusb.c.obj (_ctype_)
c:/progra~2/gnuarm~1/102021~1.10/bin/../lib/gcc/arm-none-eabi/10.3.1/../../../../arm-none-eabi/lib/thumb/v8-m.main+fp/softfp\libg.a(lib_a-errno.o)
                              c:/progra~2/gnuarm~1/102021~1.10/bin/../lib/gcc/arm-none-eabi/10.3.1/../../../../arm-none-eabi/lib/thumb/v8-m.main+fp/softfp\libm.a(lib_a-wf_sqrt.o) (__errno)
c:/progra~2/gnuarm~1/102021~1.10/bin/../lib/gcc/arm-none-eabi/10.3.1/../../../../arm-none-eabi/lib/thumb/v8-m.main+fp/softfp\libg.a(lib_a-impure.o)
                              c:/progra~2/gnuarm~1/102021~1.10/bin/../lib/gcc/arm-none-eabi/10.3.1/../../../../arm-none-eabi/lib/thumb/v8-m.main+fp/softfp\libg.a(lib_a-calloc.o) (_impure_ptr)
c:/progra~2/gnuarm~1/102021~1.10/bin/../lib/gcc/arm-none-eabi/10.3.1/../../../../arm-none-eabi/lib/thumb/v8-m.main+fp/softfp\libg.a(lib_a-init.o)
                              c:/progra~2/gnuarm~1/102021~1.10/bin/../lib/gcc/arm-none-eabi/10.3.1/../../../../arm-none-eabi/lib/thumb/v8-m.main+fp/softfp/crt0.o (__libc_init_array)
c:/progra~2/gnuarm~1/102021~1.10/bin/../lib/gcc/arm-none-eabi/10.3.1/../../../../arm-none-eabi/lib/thumb/v8-m.main+fp/softfp\libg.a(lib_a-lcltime_r.o)
                              CMakeFiles/BNO055.dir/C_/Pico/pico-sdk/src/common/pico_util/datetime.c.obj (localtime_r)
c:/progra~2/gnuarm~1/102021~1.10/bin/../lib/gcc/arm-none-eabi/10.3.1/../../../../arm-none-eabi/lib/thumb/v8-m.main+fp/softfp\libg.a(lib_a-malloc.o)
                              CMakeFiles/BNO055.dir/C_/Pico/pico-sdk/src/rp2_common/pico_malloc/malloc.c.obj (malloc)
c:/progra~2/gnuarm~1/102021~1.10/bin/../lib/gcc/arm-none-eabi/10.3.1/../../../../arm-none-eabi/lib/thumb/v8-m.main+fp/softfp\libg.a(lib_a-mallocr.o)
                              c:/progra~2/gnuarm~1/102021~1.10/bin/../lib/gcc/arm-none-eabi/10.3.1/../../../../arm-none-eabi/lib/thumb/v8-m.main+fp/softfp\libg.a(lib_a-callocr.o) (_malloc_r)
c:/progra~2/gnuarm~1/102021~1.10/bin/../lib/gcc/arm-none-eabi/10.3.1/../../../../arm-none-eabi/lib/thumb/v8-m.main+fp/softfp\libg.a(lib_a-memcmp.o)
                              CMakeFiles/BNO055.dir/C_/Pico/pico-sdk/src/rp2_common/pico_atomic/atomic.c.obj (memcmp)
[...]
Memory Configuration

Name             Origin             Length             Attributes
FLASH            0x10000000         0x00400000         xr
RAM              0x20000000         0x00080000         xrw
SCRATCH_X        0x20080000         0x00001000         xrw
SCRATCH_Y        0x20081000         0x00001000         xrw
*default*        0x00000000         0xffffffff

Linker script and memory map

LOAD c:/progra~2/gnuarm~1/102021~1.10/bin/../lib/gcc/arm-none-eabi/10.3.1/thumb/v8-m.main+fp/softfp/crti.o
LOAD c:/progra~2/gnuarm~1/102021~1.10/bin/../lib/gcc/arm-none-eabi/10.3.1/thumb/v8-m.main+fp/softfp/crtbegin.o
LOAD c:/progra~2/gnuarm~1/102021~1.10/bin/../lib/gcc/arm-none-eabi/10.3.1/../../../../arm-none-eabi/lib/thumb/v8-m.main+fp/softfp/crt0.o

.flash_begin    0x10000000        0x0
                0x10000000                __flash_binary_start = .

.text           0x10000000     0x6830
                0x10000000                __logical_binary_start = .
 *(.vectors)
 .vectors       0x10000000      0x124 CMakeFiles/BNO055.dir/C_/Pico/pico-sdk/src/rp2_common/pico_crt0/crt0.S.obj
                0x10000000                __VECTOR_TABLE
                0x10000000                __vectors
                0x10000110                __default_isrs_start
                0x10000110                isr_invalid
                0x10000112                isr_nmi
                0x10000114                isr_hardfault
                0x10000116                isr_svcall
                0x10000118                isr_pendsv
                0x1000011a                isr_systick
                0x1000011c                isr_irq31
                0x1000011c                isr_irq5
                0x1000011c                isr_irq11
                0x1000011c                isr_irq32
                0x1000011c                isr_irq23
                0x1000011c                isr_irq48
                0x1000011c                isr_irq35
                0x1000011c                isr_irq18
                0x1000011c                isr_irq50
                0x1000011c                isr_irq27
                0x1000011c                isr_irq40
                0x1000011c                isr_irq28
                0x1000011c                isr_irq19
                0x1000011c                isr_irq36
                0x1000011c                isr_irq41
                0x1000011c                isr_irq0
                0x1000011c                isr_irq6
                0x1000011c                isr_irq45
                0x1000011c                isr_irq12
                0x1000011c                isr_irq37
                0x1000011c                isr_irq42
                0x1000011c                isr_irq22
                0x1000011c                isr_irq43
                0x1000011c                isr_irq17
                0x1000011c                isr_irq38
                0x1000011c                isr_irq14
                0x1000011c                isr_irq13
                0x1000011c                isr_irq2
                0x1000011c                isr_irq10
                0x1000011c                isr_irq8
                0x1000011c                isr_irq24
                0x1000011c                isr_irq46
                0x1000011c                isr_irq1
                0x1000011c                isr_irq47
                0x1000011c                isr_irq51
                0x1000011c                isr_irq7
                0x1000011c                isr_irq21
                0x1000011c                isr_irq39
                0x1000011c                isr_irq20
                0x1000011c                isr_irq15
                0x1000011c                isr_irq25
                0x1000011c                isr_irq34
                0x1000011c                isr_irq49
                0x1000011c                __unhandled_user_irq
                0x1000011c                isr_irq4
                0x1000011c                isr_irq16
                0x1000011c                isr_irq44
                0x1000011c                isr_irq29
                0x1000011c                isr_irq26
                0x1000011c                __default_isrs_end
                0x1000011c                isr_irq33
                0x1000011c                isr_irq3
                0x1000011c                isr_irq30
                0x1000011c                isr_irq9
                0x10000122                unhandled_user_irq_num_in_r0
 *(.binary_info_header)
 .binary_info_header
                0x10000124       0x14 CMakeFiles/BNO055.dir/C_/Pico/pico-sdk/src/rp2_common/pico_crt0/crt0.S.obj
                0x10000138                __binary_info_header_end = .
 *(.embedded_block)
 .embedded_block
                0x10000138       0x14 CMakeFiles/BNO055.dir/C_/Pico/pico-sdk/src/rp2_common/pico_crt0/crt0.S.obj
                0x1000014c                __embedded_block_end = .
 *(.reset)
 .reset         0x1000014c       0xa0 CMakeFiles/BNO055.dir/C_/Pico/pico-sdk/src/rp2_common/pico_crt0/crt0.S.obj
                0x1000014c                _entry_point
 *(.init)
 .init          0x100001ec        0x4 c:/progra~2/gnuarm~1/102021~1.10/bin/../lib/gcc/arm-none-eabi/10.3.1/thumb/v8-m.main+fp/softfp/crti.o
                0x100001ec                _init
 *libgcc.a:cmse_nonsecure_call.o()
 *(EXCLUDE_FILE(*libm.a: *libc.a:*lib_a-mem*.o *libgcc.a:) .text*)
 .text          0x100001f0       0x40 c:/progra~2/gnuarm~1/102021~1.10/bin/../lib/gcc/arm-none-eabi/10.3.1/thumb/v8-m.main+fp/softfp/crtbegin.o
 .text._Z10accel_initv
                0x10000230      0x120 CMakeFiles/BNO055.dir/BNO055.cpp.obj
                0x10000230                accel_init()
 .text.main     0x10000350      0x37c CMakeFiles/BNO055.dir/BNO055.cpp.obj
                0x10000350                main
 .text.gpio_set_function
                0x100006cc       0x38 CMakeFiles/BNO055.dir/C_/Pico/pico-sdk/src/rp2_common/hardware_gpio/gpio.c.obj
                0x100006cc                gpio_set_function
 .text.gpio_set_pulls
                0x10000704       0x38 CMakeFiles/BNO055.dir/C_/Pico/pico-sdk/src/rp2_common/hardware_gpio/gpio.c.obj
                0x10000704                gpio_set_pulls
 .text.panic    0x1000073c       0x30 CMakeFiles/BNO055.dir/C_/Pico/pico-sdk/src/rp2_common/pico_platform_panic/panic.c.obj
                0x1000073c                panic
 .text.hw_claim_lock
                0x1000076c       0x24 CMakeFiles/BNO055.dir/C_/Pico/pico-sdk/src/common/hardware_claim/claim.c.obj
                0x1000076c                hw_claim_lock
 .text.hw_claim_unlock
                0x10000790       0x14 CMakeFiles/BNO055.dir/C_/Pico/pico-sdk/src/common/hardware_claim/claim.c.obj
                0x10000790                hw_claim_unlock
 .text.hw_claim_or_assert
                0x100007a4       0x32 CMakeFiles/BNO055.dir/C_/Pico/pico-sdk/src/common/hardware_claim/claim.c.obj
                0x100007a4                hw_claim_or_assert
 .text.hw_claim_unused_from_range
                0x100007d6       0x4e CMakeFiles/BNO055.dir/C_/Pico/pico-sdk/src/common/hardware_claim/claim.c.obj
                0x100007d6                hw_claim_unused_from_range
 .text.next_striped_spin_lock_num
                0x10000824       0x1c CMakeFiles/BNO055.dir/C_/Pico/pico-sdk/src/rp2_common/hardware_sync/sync.c.obj
                0x10000824                next_striped_spin_lock_num
 .text.spin_lock_claim_unused
                0x10000840       0x24 CMakeFiles/BNO055.dir/C_/Pico/pico-sdk/src/rp2_common/hardware_sync/sync.c.obj
                0x10000840                spin_lock_claim_unused
 .text.spinlock_set_extexclall
                0x10000864        0xe CMakeFiles/BNO055.dir/C_/Pico/pico-sdk/src/rp2_common/hardware_sync_spin_lock/sync_spin_lock.c.obj
 *fill*         0x10000872        0x2 
 .text.spin_locks_reset
                0x10000874       0x1c CMakeFiles/BNO055.dir/C_/Pico/pico-sdk/src/rp2_common/hardware_sync_spin_lock/sync_spin_lock.c.obj
                0x10000874                spin_locks_reset
 .text.set_raw_irq_handler_and_unlock
                0x10000890       0x24 CMakeFiles/BNO055.dir/C_/Pico/pico-sdk/src/rp2_common/hardware_irq/irq.c.obj
 .text.nvic_ipr0
                0x100008b4        0x8 CMakeFiles/BNO055.dir/C_/Pico/pico-sdk/src/rp2_common/hardware_irq/irq.c.obj
 .text.runtime_init_per_core_irq_priorities
                0x100008bc       0x1a CMakeFiles/BNO055.dir/C_/Pico/pico-sdk/src/rp2_common/hardware_irq/irq.c.obj
                0x100008bc                runtime_init_per_core_irq_priorities
 *fill*         0x100008d6        0x2 
 .text.make_j_16
                0x100008d8       0x3c CMakeFiles/BNO055.dir/C_/Pico/pico-sdk/src/rp2_common/hardware_irq/irq.c.obj
 .text.irq_is_enabled
                0x10000914       0x20 CMakeFiles/BNO055.dir/C_/Pico/pico-sdk/src/rp2_common/hardware_irq/irq.c.obj
                0x10000914                irq_is_enabled
 .text.irq_set_mask_n_enabled
                0x10000934       0x20 CMakeFiles/BNO055.dir/C_/Pico/pico-sdk/src/rp2_common/hardware_irq/irq.c.obj
                0x10000934                irq_set_mask_n_enabled
 .text.irq_set_enabled
                0x10000954       0x14 CMakeFiles/BNO055.dir/C_/Pico/pico-sdk/src/rp2_common/hardware_irq/irq.c.obj
                0x10000954                irq_set_enabled
 .text.irq_set_pending
                0x10000968       0x18 CMakeFiles/BNO055.dir/C_/Pico/pico-sdk/src/rp2_common/hardware_irq/irq.c.obj
                0x10000968                irq_set_pending
 .text.irq_get_vtable_handler
                0x10000980       0x10 CMakeFiles/BNO055.dir/C_/Pico/pico-sdk/src/rp2_common/hardware_irq/irq.c.obj
                0x10000980                irq_get_vtable_handler
 .text.irq_has_shared_handler
                0x10000990       0x20 CMakeFiles/BNO055.dir/C_/Pico/pico-sdk/src/rp2_common/hardware_irq/irq.c.obj
                0x10000990                irq_has_shared_handler
 .text.irq_set_exclusive_handler
                0x100009b0       0x60 CMakeFiles/BNO055.dir/C_/Pico/pico-sdk/src/rp2_common/hardware_irq/irq.c.obj
                0x100009b0                irq_set_exclusive_handler
 .text.irq_add_shared_handler
                0x10000a10      0x264 CMakeFiles/BNO055.dir/C_/Pico/pico-sdk/src/rp2_common/hardware_irq/irq.c.obj
                0x10000a10                irq_add_shared_handler
 .text.irq_add_tail_to_free_list
                0x10000c74      0x100 CMakeFiles/BNO055.dir/C_/Pico/pico-sdk/src/rp2_common/hardware_irq/irq.c.obj
                0x10000c74                irq_add_tail_to_free_list
 .text.user_irq_claim_unused
                0x10000d74       0x2c CMakeFiles/BNO055.dir/C_/Pico/pico-sdk/src/rp2_common/hardware_irq/irq.c.obj
                0x10000d74                user_irq_claim_unused
 .text.lock_init
                0x10000da0        0xc CMakeFiles/BNO055.dir/C_/Pico/pico-sdk/src/common/pico_sync/lock_core.c.obj
                0x10000da0                lock_init
 .text.mutex_init
                0x10000dac       0x1a CMakeFiles/BNO055.dir/C_/Pico/pico-sdk/src/common/pico_sync/mutex.c.obj
                0x10000dac                mutex_init
 .text.recursive_mutex_init
                0x10000dc6       0x1e CMakeFiles/BNO055.dir/C_/Pico/pico-sdk/src/common/pico_sync/mutex.c.obj
                0x10000dc6                recursive_mutex_init
 .text.runtime_init_mutex
                0x10000de4       0x4c CMakeFiles/BNO055.dir/C_/Pico/pico-sdk/src/common/pico_sync/mutex.c.obj
                0x10000de4                runtime_init_mutex
 .text.critical_section_init_with_lock_num
                0x10000e30       0x10 CMakeFiles/BNO055.dir/C_/Pico/pico-sdk/src/common/pico_sync/critical_section.c.obj
                0x10000e30                critical_section_init_with_lock_num
 .text.critical_section_init
                0x10000e40       0x14 CMakeFiles/BNO055.dir/C_/Pico/pico-sdk/src/common/pico_sync/critical_section.c.obj
                0x10000e40                critical_section_init
 .text.make_alarm_id
                0x10000e54        0x6 CMakeFiles/BNO055.dir/C_/Pico/pico-sdk/src/common/pico_time/time.c.obj
 *fill*         0x10000e5a        0x2 
 .text.sleep_until_callback
                0x10000e5c       0x3c CMakeFiles/BNO055.dir/C_/Pico/pico-sdk/src/common/pico_time/time.c.obj
 .text.alarm_pool_irq_handler
                0x10000e98      0x300 CMakeFiles/BNO055.dir/C_/Pico/pico-sdk/src/common/pico_time/time.c.obj
 .text.alarm_pool_post_alloc_init
                0x10001198       0xa4 CMakeFiles/BNO055.dir/C_/Pico/pico-sdk/src/common/pico_time/time.c.obj
 .text.alarm_pool_get_default
                0x1000123c       0x28 CMakeFiles/BNO055.dir/C_/Pico/pico-sdk/src/common/pico_time/time.c.obj
                0x1000123c                alarm_pool_get_default
 .text.alarm_pool_add_alarm_at_force_in_context
                0x10001264       0xba CMakeFiles/BNO055.dir/C_/Pico/pico-sdk/src/common/pico_time/time.c.obj
                0x10001264                alarm_pool_add_alarm_at_force_in_context
 .text.alarm_pool_add_alarm_at
                0x1000131e       0x38 CMakeFiles/BNO055.dir/C_/Pico/pico-sdk/src/common/pico_time/time.c.obj
                0x1000131e                alarm_pool_add_alarm_at
 .text.alarm_pool_cancel_alarm
                0x10001356       0x72 CMakeFiles/BNO055.dir/C_/Pico/pico-sdk/src/common/pico_time/time.c.obj
                0x10001356                alarm_pool_cancel_alarm
 .text.alarm_pool_core_num
                0x100013c8        0x4 CMakeFiles/BNO055.dir/C_/Pico/pico-sdk/src/common/pico_time/time.c.obj
                0x100013c8                alarm_pool_core_num
 .text.sleep_until
                0x100013cc       0xcc CMakeFiles/BNO055.dir/C_/Pico/pico-sdk/src/common/pico_time/time.c.obj
                0x100013cc                sleep_until
 .text.sleep_us
                0x10001498       0x24 CMakeFiles/BNO055.dir/C_/Pico/pico-sdk/src/common/pico_time/time.c.obj
                0x10001498                sleep_us
 .text.sleep_ms
                0x100014bc       0x28 CMakeFiles/BNO055.dir/C_/Pico/pico-sdk/src/common/pico_time/time.c.obj
                0x100014bc                sleep_ms
 .text.best_effort_wfe_or_timeout
                0x100014e4      0x110 CMakeFiles/BNO055.dir/C_/Pico/pico-sdk/src/common/pico_time/time.c.obj
                0x100014e4                best_effort_wfe_or_timeout
 .text.alarm_pool_get_default_timer
                0x100015f4        0x8 CMakeFiles/BNO055.dir/C_/Pico/pico-sdk/src/common/pico_time/time.c.obj
                0x100015f4                alarm_pool_get_default_timer
 .text.runtime_init_default_alarm_pool
                0x100015fc       0x34 CMakeFiles/BNO055.dir/C_/Pico/pico-sdk/src/common/pico_time/time.c.obj
                0x100015fc                runtime_init_default_alarm_pool
 .text.timer_hardware_alarm_claim
                0x10001630       0x24 CMakeFiles/BNO055.dir/C_/Pico/pico-sdk/src/rp2_common/hardware_timer/timer.c.obj
                0x10001630                timer_hardware_alarm_claim
 .text.timer_time_us_64
                0x10001654       0x10 CMakeFiles/BNO055.dir/C_/Pico/pico-sdk/src/rp2_common/hardware_timer/timer.c.obj
                0x10001654                timer_time_us_64
 .text.timer_busy_wait_until
                0x10001664       0x1a CMakeFiles/BNO055.dir/C_/Pico/pico-sdk/src/rp2_common/hardware_timer/timer.c.obj
                0x10001664                timer_busy_wait_until
 *fill*         0x1000167e        0x2 
 .text.time_us_64
                0x10001680       0x10 CMakeFiles/BNO055.dir/C_/Pico/pico-sdk/src/rp2_common/hardware_timer/timer.c.obj
                0x10001680                time_us_64
 .text.busy_wait_until
                0x10001690       0x14 CMakeFiles/BNO055.dir/C_/Pico/pico-sdk/src/rp2_common/hardware_timer/timer.c.obj
                0x10001690                busy_wait_until
 .text.clock_configure_internal
                0x100016a4       0xb4 CMakeFiles/BNO055.dir/C_/Pico/pico-sdk/src/rp2_common/hardware_clocks/clocks.c.obj
 .text.clock_configure_undivided
                0x10001758       0x12 CMakeFiles/BNO055.dir/C_/Pico/pico-sdk/src/rp2_common/hardware_clocks/clocks.c.obj
                0x10001758                clock_configure_undivided
 *fill*         0x1000176a        0x2 
 .text.clock_get_hz
                0x1000176c        0xc CMakeFiles/BNO055.dir/C_/Pico/pico-sdk/src/rp2_common/hardware_clocks/clocks.c.obj
                0x1000176c                clock_get_hz
 .text.pll_init
                0x10001778      0x108 CMakeFiles/BNO055.dir/C_/Pico/pico-sdk/src/rp2_common/hardware_pll/pll.c.obj
                0x10001778                pll_init
 .text.watchdog_update
                0x10001880       0x14 CMakeFiles/BNO055.dir/C_/Pico/pico-sdk/src/rp2_common/hardware_watchdog/watchdog.c.obj
                0x10001880                watchdog_update
 .text._watchdog_enable
                0x10001894       0x6c CMakeFiles/BNO055.dir/C_/Pico/pico-sdk/src/rp2_common/hardware_watchdog/watchdog.c.obj
                0x10001894                _watchdog_enable
 .text.watchdog_reboot
                0x10001900       0x44 CMakeFiles/BNO055.dir/C_/Pico/pico-sdk/src/rp2_common/hardware_watchdog/watchdog.c.obj
                0x10001900                watchdog_reboot
 .text.tick_start
                0x10001944       0x1c CMakeFiles/BNO055.dir/C_/Pico/pico-sdk/src/rp2_common/hardware_ticks/ticks.c.obj
                0x10001944                tick_start
 .text.rom_reboot
                0x10001960       0x40 CMakeFiles/BNO055.dir/C_/Pico/pico-sdk/src/rp2_common/pico_bootrom/bootrom.c.obj
 .text.rom_func_lookup
                0x100019a0       0x1e CMakeFiles/BNO055.dir/C_/Pico/pico-sdk/src/rp2_common/pico_bootrom/bootrom.c.obj
                0x100019a0                rom_func_lookup
 .text.rom_reset_usb_boot_extra
                0x100019be       0x20 CMakeFiles/BNO055.dir/C_/Pico/pico-sdk/src/rp2_common/pico_bootrom/bootrom.c.obj
                0x100019be                rom_reset_usb_boot_extra
 *fill*         0x100019de        0x2 
 .text.runtime_init_bootrom_locking_enable
                0x100019e0       0x14 CMakeFiles/BNO055.dir/C_/Pico/pico-sdk/src/rp2_common/pico_bootrom/bootrom_lock.c.obj
                0x100019e0                runtime_init_bootrom_locking_enable
 .text.boot_locks_reset
                0x100019f4       0x20 CMakeFiles/BNO055.dir/C_/Pico/pico-sdk/src/rp2_common/hardware_boot_lock/boot_lock.c.obj
                0x100019f4                boot_locks_reset
 .text.runtime_init_boot_locks_reset
                0x10001a14        0x8 CMakeFiles/BNO055.dir/C_/Pico/pico-sdk/src/rp2_common/hardware_boot_lock/boot_lock.c.obj
                0x10001a14                runtime_init_boot_locks_reset
 .text.xosc_init
                0x10001a1c       0x28 CMakeFiles/BNO055.dir/C_/Pico/pico-sdk/src/rp2_common/hardware_xosc/xosc.c.obj
                0x10001a1c                xosc_init
 .text.runtime_run_initializers_from
                0x10001a44       0x18 CMakeFiles/BNO055.dir/C_/Pico/pico-sdk/src/rp2_common/pico_runtime/runtime.c.obj
 .text.first_per_core_initializer
                0x10001a5c        0x2 CMakeFiles/BNO055.dir/C_/Pico/pico-sdk/src/rp2_common/pico_runtime/runtime.c.obj
 *fill*         0x10001a5e        0x2 
 .text.runtime_run_initializers
                0x10001a60       0x10 CMakeFiles/BNO055.dir/C_/Pico/pico-sdk/src/rp2_common/pico_runtime/runtime.c.obj
                0x10001a60                runtime_run_initializers
 .text.runtime_init_early_resets
                0x10001a70       0x2c CMakeFiles/BNO055.dir/C_/Pico/pico-sdk/src/rp2_common/pico_runtime_init/runtime_init.c.obj
                0x10001a70                runtime_init_early_resets
 .text.runtime_init_usb_power_down
                0x10001a9c       0x20 CMakeFiles/BNO055.dir/C_/Pico/pico-sdk/src/rp2_common/pico_runtime_init/runtime_init.c.obj
                0x10001a9c                runtime_init_usb_power_down
 .text.runtime_init_per_core_enable_coprocessors
                0x10001abc       0x1c CMakeFiles/BNO055.dir/C_/Pico/pico-sdk/src/rp2_common/pico_runtime_init/runtime_init.c.obj
                0x10001abc                runtime_init_per_core_enable_coprocessors
 .text.runtime_init_post_clock_resets
                0x10001ad8       0x20 CMakeFiles/BNO055.dir/C_/Pico/pico-sdk/src/rp2_common/pico_runtime_init/runtime_init.c.obj
                0x10001ad8                runtime_init_post_clock_resets
 .text.runtime_init_bootrom_reset
                0x10001af8       0x12 CMakeFiles/BNO055.dir/C_/Pico/pico-sdk/src/rp2_common/pico_runtime_init/runtime_init.c.obj
                0x10001af8                runtime_init_bootrom_reset
 .text.runtime_init_per_core_bootrom_reset
                0x10001b0a       0x12 CMakeFiles/BNO055.dir/C_/Pico/pico-sdk/src/rp2_common/pico_runtime_init/runtime_init.c.obj
                0x10001b0a                runtime_init_per_core_bootrom_reset
 .text.runtime_init_spin_locks_reset
                0x10001b1c        0x8 CMakeFiles/BNO055.dir/C_/Pico/pico-sdk/src/rp2_common/pico_runtime_init/runtime_init.c.obj
                0x10001b1c                runtime_init_spin_locks_reset
 .text.runtime_init_install_ram_vector_table
                0x10001b24       0x20 CMakeFiles/BNO055.dir/C_/Pico/pico-sdk/src/rp2_common/pico_runtime_init/runtime_init.c.obj
                0x10001b24                runtime_init_install_ram_vector_table
 .text.start_all_ticks
                0x10001b44       0x28 CMakeFiles/BNO055.dir/C_/Pico/pico-sdk/src/rp2_common/pico_runtime_init/runtime_init_clocks.c.obj
 .text.runtime_init_clocks
                0x10001b6c       0xc4 CMakeFiles/BNO055.dir/C_/Pico/pico-sdk/src/rp2_common/pico_runtime_init/runtime_init_clocks.c.obj
                0x10001b6c                runtime_init_clocks
 .text.__rp2350_dcp_engaged_state_save_restore
                0x10001c30       0x3a CMakeFiles/BNO055.dir/C_/Pico/pico-sdk/src/rp2_common/pico_double/double_aeabi_dcp.S.obj
 *fill*         0x10001c6a        0x2 
 .text.__wrap___aeabi_dadd
                0x10001c6c       0x28 CMakeFiles/BNO055.dir/C_/Pico/pico-sdk/src/rp2_common/pico_double/double_aeabi_dcp.S.obj
                0x10001c74                __wrap___aeabi_dadd
 .text.__wrap___aeabi_dsub
                0x10001c94       0x28 CMakeFiles/BNO055.dir/C_/Pico/pico-sdk/src/rp2_common/pico_double/double_aeabi_dcp.S.obj
                0x10001c9c                __wrap___aeabi_dsub
 .text.__wrap___aeabi_dmul
                0x10001cbc       0x4c CMakeFiles/BNO055.dir/C_/Pico/pico-sdk/src/rp2_common/pico_double/double_aeabi_dcp.S.obj
                0x10001cc4                __wrap___aeabi_dmul
 .text.__wrap___aeabi_ddiv
                0x10001d08       0x9c CMakeFiles/BNO055.dir/C_/Pico/pico-sdk/src/rp2_common/pico_double/double_aeabi_dcp.S.obj
                0x10001d10                __wrap___aeabi_ddiv
 .text.__wrap___aeabi_d2f
                0x10001da4       0x1c CMakeFiles/BNO055.dir/C_/Pico/pico-sdk/src/rp2_common/pico_double/double_aeabi_dcp.S.obj
                0x10001dac                __wrap___aeabi_d2f
 .text.__wrap___aeabi_i2d
                0x10001dc0       0x24 CMakeFiles/BNO055.dir/C_/Pico/pico-sdk/src/rp2_common/pico_double/double_aeabi_dcp.S.obj
                0x10001dc8                __wrap___aeabi_i2d
 .text.__wrap___aeabi_ui2d
                0x10001de4       0x24 CMakeFiles/BNO055.dir/C_/Pico/pico-sdk/src/rp2_common/pico_double/double_aeabi_dcp.S.obj
                0x10001dec                __wrap___aeabi_ui2d
 .text.__wrap___aeabi_d2iz
                0x10001e08       0x24 CMakeFiles/BNO055.dir/C_/Pico/pico-sdk/src/rp2_common/pico_double/double_aeabi_dcp.S.obj
                0x10001e10                __wrap___aeabi_d2iz
 .text.__wrap___aeabi_d2uiz
                0x10001e2c       0x24 CMakeFiles/BNO055.dir/C_/Pico/pico-sdk/src/rp2_common/pico_double/double_aeabi_dcp.S.obj
                0x10001e34                __wrap___aeabi_d2uiz
 .text.__wrap___aeabi_dcmpun
                0x10001e50       0x24 CMakeFiles/BNO055.dir/C_/Pico/pico-sdk/src/rp2_common/pico_double/double_aeabi_dcp.S.obj
                0x10001e58                __wrap___aeabi_dcmpun
 .text.__wrap___aeabi_dcmplt
                0x10001e74       0x28 CMakeFiles/BNO055.dir/C_/Pico/pico-sdk/src/rp2_common/pico_double/double_aeabi_dcp.S.obj
                0x10001e7c                __wrap___aeabi_dcmplt
 .text.__wrap___aeabi_dcmple
                0x10001e9c       0x28 CMakeFiles/BNO055.dir/C_/Pico/pico-sdk/src/rp2_common/pico_double/double_aeabi_dcp.S.obj
                0x10001ea4                __wrap___aeabi_dcmple
 .text.__wrap___aeabi_dcmpge
                0x10001ec4       0x28 CMakeFiles/BNO055.dir/C_/Pico/pico-sdk/src/rp2_common/pico_double/double_aeabi_dcp.S.obj
                0x10001ecc                __wrap___aeabi_dcmpge
 .text.__wrap___aeabi_dcmpgt
                0x10001eec       0x28 CMakeFiles/BNO055.dir/C_/Pico/pico-sdk/src/rp2_common/pico_double/double_aeabi_dcp.S.obj
                0x10001ef4                __wrap___aeabi_dcmpgt
 .text._out_null
                0x10001f14        0x2 CMakeFiles/BNO055.dir/C_/Pico/pico-sdk/src/rp2_common/pico_printf/printf.c.obj
 .text._out_fct
                0x10001f16        0xe CMakeFiles/BNO055.dir/C_/Pico/pico-sdk/src/rp2_common/pico_printf/printf.c.obj
 .text._atoi    0x10001f24       0x24 CMakeFiles/BNO055.dir/C_/Pico/pico-sdk/src/rp2_common/pico_printf/printf.c.obj
 .text._out_rev
                0x10001f48       0x7e CMakeFiles/BNO055.dir/C_/Pico/pico-sdk/src/rp2_common/pico_printf/printf.c.obj
 .text._ntoa_format
                0x10001fc6      0x138 CMakeFiles/BNO055.dir/C_/Pico/pico-sdk/src/rp2_common/pico_printf/printf.c.obj
 .text._ntoa_long
                0x100020fe       0x94 CMakeFiles/BNO055.dir/C_/Pico/pico-sdk/src/rp2_common/pico_printf/printf.c.obj
 .text._ntoa_long_long
                0x10002192       0xc6 CMakeFiles/BNO055.dir/C_/Pico/pico-sdk/src/rp2_common/pico_printf/printf.c.obj
 .text._etoa    0x10002258      0x41c CMakeFiles/BNO055.dir/C_/Pico/pico-sdk/src/rp2_common/pico_printf/printf.c.obj
 *fill*         0x10002674        0x4 
 .text._ftoa    0x10002678      0x398 CMakeFiles/BNO055.dir/C_/Pico/pico-sdk/src/rp2_common/pico_printf/printf.c.obj
 .text._vsnprintf
                0x10002a10      0x680 CMakeFiles/BNO055.dir/C_/Pico/pico-sdk/src/rp2_common/pico_printf/printf.c.obj
 .text.vfctprintf
                0x10003090       0x24 CMakeFiles/BNO055.dir/C_/Pico/pico-sdk/src/rp2_common/pico_printf/printf.c.obj
                0x10003090                vfctprintf
 .text._exit    0x100030b4        0x4 CMakeFiles/BNO055.dir/C_/Pico/pico-sdk/src/rp2_common/pico_clib_interface/newlib_interface.c.obj
                0x100030b4                _exit
 .text.exit     0x100030b8        0x6 CMakeFiles/BNO055.dir/C_/Pico/pico-sdk/src/rp2_common/pico_clib_interface/newlib_interface.c.obj
                0x100030b8                exit
 *fill*         0x100030be        0x2 
 .text.__assert_func
                0x100030c0       0x38 CMakeFiles/BNO055.dir/C_/Pico/pico-sdk/src/rp2_common/pico_clib_interface/newlib_interface.c.obj
                0x100030c0                __assert_func
 .text.runtime_init
                0x100030f8       0x2c CMakeFiles/BNO055.dir/C_/Pico/pico-sdk/src/rp2_common/pico_clib_interface/newlib_interface.c.obj
                0x100030f8                runtime_init
 .text.stdio_out_chars_no_crlf
                0x10003124        0xe CMakeFiles/BNO055.dir/C_/Pico/pico-sdk/src/rp2_common/pico_stdio/stdio.c.obj
 *fill*         0x10003132        0x2 
 .text.stdio_out_chars_crlf
                0x10003134       0x80 CMakeFiles/BNO055.dir/C_/Pico/pico-sdk/src/rp2_common/pico_stdio/stdio.c.obj
 .text.stdio_stack_buffer_flush
                0x100031b4       0x40 CMakeFiles/BNO055.dir/C_/Pico/pico-sdk/src/rp2_common/pico_stdio/stdio.c.obj
 .text.stdio_buffered_printer
                0x100031f4       0x20 CMakeFiles/BNO055.dir/C_/Pico/pico-sdk/src/rp2_common/pico_stdio/stdio.c.obj
 .text.stdout_serialize_begin
                0x10003214       0x2c CMakeFiles/BNO055.dir/C_/Pico/pico-sdk/src/rp2_common/pico_stdio/stdio.c.obj
                0x10003214                stdout_serialize_begin
 .text.stdout_serialize_end
                0x10003240       0x10 CMakeFiles/BNO055.dir/C_/Pico/pico-sdk/src/rp2_common/pico_stdio/stdio.c.obj
                0x10003240                stdout_serialize_end
 .text.stdio_put_string
                0x10003250       0x8c CMakeFiles/BNO055.dir/C_/Pico/pico-sdk/src/rp2_common/pico_stdio/stdio.c.obj
                0x10003250                stdio_put_string
 .text.stdio_set_driver_enabled
                0x100032dc       0x28 CMakeFiles/BNO055.dir/C_/Pico/pico-sdk/src/rp2_common/pico_stdio/stdio.c.obj
                0x100032dc                stdio_set_driver_enabled
 .text.stdio_flush
                0x10003304       0x1c CMakeFiles/BNO055.dir/C_/Pico/pico-sdk/src/rp2_common/pico_stdio/stdio.c.obj
                0x10003304                stdio_flush
 .text.stdio_init_all
                0x10003320        0x8 CMakeFiles/BNO055.dir/C_/Pico/pico-sdk/src/rp2_common/pico_stdio/stdio.c.obj
                0x10003320                stdio_init_all
 .text.__wrap_puts
                0x10003328       0x1e CMakeFiles/BNO055.dir/C_/Pico/pico-sdk/src/rp2_common/pico_stdio/stdio.c.obj
                0x10003328                stdio_puts
                0x10003328                __wrap_puts
 *fill*         0x10003346        0x2 
 .text.__wrap_vprintf
                0x10003348       0x3c CMakeFiles/BNO055.dir/C_/Pico/pico-sdk/src/rp2_common/pico_stdio/stdio.c.obj
                0x10003348                stdio_vprintf
                0x10003348                __wrap_vprintf
 .text.__wrap_printf
                0x10003384       0x1c CMakeFiles/BNO055.dir/C_/Pico/pico-sdk/src/rp2_common/pico_stdio/stdio.c.obj
                0x10003384                __wrap_printf
                0x10003384                stdio_printf
 .text.resetd_init
                0x100033a0        0x2 CMakeFiles/BNO055.dir/C_/Pico/pico-sdk/src/rp2_common/pico_stdio_usb/reset_interface.c.obj
 *fill*         0x100033a2        0x2 
 .text.resetd_reset
                0x100033a4        0xc CMakeFiles/BNO055.dir/C_/Pico/pico-sdk/src/rp2_common/pico_stdio_usb/reset_interface.c.obj
 .text.resetd_open
                0x100033b0       0x34 CMakeFiles/BNO055.dir/C_/Pico/pico-sdk/src/rp2_common/pico_stdio_usb/reset_interface.c.obj
 .text.resetd_xfer_cb
                0x100033e4        0x4 CMakeFiles/BNO055.dir/C_/Pico/pico-sdk/src/rp2_common/pico_stdio_usb/reset_interface.c.obj
 .text.resetd_control_xfer_cb
                0x100033e8       0x54 CMakeFiles/BNO055.dir/C_/Pico/pico-sdk/src/rp2_common/pico_stdio_usb/reset_interface.c.obj
 .text.tud_descriptor_bos_cb
                0x1000343c        0x8 CMakeFiles/BNO055.dir/C_/Pico/pico-sdk/src/rp2_common/pico_stdio_usb/reset_interface.c.obj
                0x1000343c                tud_descriptor_bos_cb
 .text.tud_vendor_control_xfer_cb
                0x10003444       0x30 CMakeFiles/BNO055.dir/C_/Pico/pico-sdk/src/rp2_common/pico_stdio_usb/reset_interface.c.obj
                0x10003444                tud_vendor_control_xfer_cb
 .text.usbd_app_driver_get_cb
                0x10003474        0xc CMakeFiles/BNO055.dir/C_/Pico/pico-sdk/src/rp2_common/pico_stdio_usb/reset_interface.c.obj
                0x10003474                usbd_app_driver_get_cb
 .text.tud_cdc_line_coding_cb
                0x10003480       0x18 CMakeFiles/BNO055.dir/C_/Pico/pico-sdk/src/rp2_common/pico_stdio_usb/reset_interface.c.obj
                0x10003480                tud_cdc_line_coding_cb
 .text.stdio_usb_set_chars_available_callback
                0x10003498       0x14 CMakeFiles/BNO055.dir/C_/Pico/pico-sdk/src/rp2_common/pico_stdio_usb/stdio_usb.c.obj
                0x10003498                stdio_usb_set_chars_available_callback
 .text.stdio_usb_out_flush
                0x100034ac       0x48 CMakeFiles/BNO055.dir/C_/Pico/pico-sdk/src/rp2_common/pico_stdio_usb/stdio_usb.c.obj
 .text.usb_irq  0x100034f4       0x10 CMakeFiles/BNO055.dir/C_/Pico/pico-sdk/src/rp2_common/pico_stdio_usb/stdio_usb.c.obj
 .text.low_priority_worker_irq
                0x10003504       0xcc CMakeFiles/BNO055.dir/C_/Pico/pico-sdk/src/rp2_common/pico_stdio_usb/stdio_usb.c.obj
 .text.timer_task
                0x100035d0       0x74 CMakeFiles/BNO055.dir/C_/Pico/pico-sdk/src/rp2_common/pico_stdio_usb/stdio_usb.c.obj
 .text.stdio_usb_init
                0x10003644       0xf4 CMakeFiles/BNO055.dir/C_/Pico/pico-sdk/src/rp2_common/pico_stdio_usb/stdio_usb.c.obj
                0x10003644                stdio_usb_init
 .text.stdio_usb_connected
                0x10003738        0xa CMakeFiles/BNO055.dir/C_/Pico/pico-sdk/src/rp2_common/pico_stdio_usb/stdio_usb.c.obj
                0x10003738                stdio_usb_connected
 *fill*         0x10003742        0x2 
 .text.stdio_usb_in_chars
                0x10003744       0x8c CMakeFiles/BNO055.dir/C_/Pico/pico-sdk/src/rp2_common/pico_stdio_usb/stdio_usb.c.obj
                0x10003744                stdio_usb_in_chars
 .text.stdio_usb_out_chars
                0x100037d0       0xd4 CMakeFiles/BNO055.dir/C_/Pico/pico-sdk/src/rp2_common/pico_stdio_usb/stdio_usb.c.obj
 .text.tud_descriptor_device_cb
                0x100038a4        0x8 CMakeFiles/BNO055.dir/C_/Pico/pico-sdk/src/rp2_common/pico_stdio_usb/stdio_usb_descriptors.c.obj
                0x100038a4                tud_descriptor_device_cb
 .text.tud_descriptor_configuration_cb
                0x100038ac        0x8 CMakeFiles/BNO055.dir/C_/Pico/pico-sdk/src/rp2_common/pico_stdio_usb/stdio_usb_descriptors.c.obj
                0x100038ac                tud_descriptor_configuration_cb
 .text.tud_descriptor_string_cb
                0x100038b4       0x64 CMakeFiles/BNO055.dir/C_/Pico/pico-sdk/src/rp2_common/pico_stdio_usb/stdio_usb_descriptors.c.obj
                0x100038b4                tud_descriptor_string_cb
 .text._retrieve_unique_id_on_boot
                0x10003918       0x58 CMakeFiles/BNO055.dir/C_/Pico/pico-sdk/src/rp2_common/pico_unique_id/unique_id.c.obj
 .text.pico_get_unique_board_id_string
                0x10003970       0x60 CMakeFiles/BNO055.dir/C_/Pico/pico-sdk/src/rp2_common/pico_unique_id/unique_id.c.obj
                0x10003970                pico_get_unique_board_id_string
 .text._hw_endpoint_alloc
                0x100039d0       0x74 CMakeFiles/BNO055.dir/C_/Pico/pico-sdk/lib/tinyusb/src/portable/raspberrypi/rp2040/dcd_rp2040.c.obj
 .text.hw_endpoint_init
                0x10003a44       0xb8 CMakeFiles/BNO055.dir/C_/Pico/pico-sdk/lib/tinyusb/src/portable/raspberrypi/rp2040/dcd_rp2040.c.obj
 .text.hw_endpoint_xfer
                0x10003afc       0x1c CMakeFiles/BNO055.dir/C_/Pico/pico-sdk/lib/tinyusb/src/portable/raspberrypi/rp2040/dcd_rp2040.c.obj
 .text.dcd_int_enable
                0x10003b18       0x28 CMakeFiles/BNO055.dir/C_/Pico/pico-sdk/lib/tinyusb/src/portable/raspberrypi/rp2040/dcd_rp2040.c.obj
                0x10003b18                dcd_int_enable
 .text.dcd_set_address
                0x10003b40       0x2c CMakeFiles/BNO055.dir/C_/Pico/pico-sdk/lib/tinyusb/src/portable/raspberrypi/rp2040/dcd_rp2040.c.obj
                0x10003b40                dcd_set_address
 .text.dcd_connect
                0x10003b6c       0x10 CMakeFiles/BNO055.dir/C_/Pico/pico-sdk/lib/tinyusb/src/portable/raspberrypi/rp2040/dcd_rp2040.c.obj
                0x10003b6c                dcd_connect
 .text.dcd_init
                0x10003b7c       0x80 CMakeFiles/BNO055.dir/C_/Pico/pico-sdk/lib/tinyusb/src/portable/raspberrypi/rp2040/dcd_rp2040.c.obj
                0x10003b7c                dcd_init
 .text.dcd_sof_enable
                0x10003bfc       0x1c CMakeFiles/BNO055.dir/C_/Pico/pico-sdk/lib/tinyusb/src/portable/raspberrypi/rp2040/dcd_rp2040.c.obj
                0x10003bfc                dcd_sof_enable
 .text.dcd_edpt0_status_complete
                0x10003c18       0x20 CMakeFiles/BNO055.dir/C_/Pico/pico-sdk/lib/tinyusb/src/portable/raspberrypi/rp2040/dcd_rp2040.c.obj
                0x10003c18                dcd_edpt0_status_complete
 .text.dcd_edpt_open
                0x10003c38       0x38 CMakeFiles/BNO055.dir/C_/Pico/pico-sdk/lib/tinyusb/src/portable/raspberrypi/rp2040/dcd_rp2040.c.obj
                0x10003c38                dcd_edpt_open
 .text.dcd_edpt_close_all
                0x10003c70        0x8 CMakeFiles/BNO055.dir/C_/Pico/pico-sdk/lib/tinyusb/src/portable/raspberrypi/rp2040/dcd_rp2040.c.obj
                0x10003c70                dcd_edpt_close_all
 .text.dcd_edpt_xfer
                0x10003c78       0x2c CMakeFiles/BNO055.dir/C_/Pico/pico-sdk/lib/tinyusb/src/portable/raspberrypi/rp2040/dcd_rp2040.c.obj
                0x10003c78                dcd_edpt_xfer
 .text.dcd_edpt_stall
                0x10003ca4       0x38 CMakeFiles/BNO055.dir/C_/Pico/pico-sdk/lib/tinyusb/src/portable/raspberrypi/rp2040/dcd_rp2040.c.obj
                0x10003ca4                dcd_edpt_stall
 .text.dcd_edpt_clear_stall
                0x10003cdc       0x28 CMakeFiles/BNO055.dir/C_/Pico/pico-sdk/lib/tinyusb/src/portable/raspberrypi/rp2040/dcd_rp2040.c.obj
                0x10003cdc                dcd_edpt_clear_stall
 .text.unaligned_memcpy
                0x10003d04       0x14 CMakeFiles/BNO055.dir/C_/Pico/pico-sdk/lib/tinyusb/src/portable/raspberrypi/rp2040/rp2040_usb.c.obj
 .text.rp2040_usb_init
                0x10003d18       0x40 CMakeFiles/BNO055.dir/C_/Pico/pico-sdk/lib/tinyusb/src/portable/raspberrypi/rp2040/rp2040_usb.c.obj
                0x10003d18                rp2040_usb_init
 .text.hw_endpoint_xfer_start
                0x10003d58       0x58 CMakeFiles/BNO055.dir/C_/Pico/pico-sdk/lib/tinyusb/src/portable/raspberrypi/rp2040/rp2040_usb.c.obj
                0x10003d58                hw_endpoint_xfer_start
 .text.configuration_reset
                0x10003db0       0x94 CMakeFiles/BNO055.dir/C_/Pico/pico-sdk/lib/tinyusb/src/device/usbd.c.obj
 .text.usbd_reset
                0x10003e44        0xc CMakeFiles/BNO055.dir/C_/Pico/pico-sdk/lib/tinyusb/src/device/usbd.c.obj
 .text.invoke_class_control
                0x10003e50       0x1a CMakeFiles/BNO055.dir/C_/Pico/pico-sdk/lib/tinyusb/src/device/usbd.c.obj
 *fill*         0x10003e6a        0x2 
 .text.process_set_config
                0x10003e6c      0x1d0 CMakeFiles/BNO055.dir/C_/Pico/pico-sdk/lib/tinyusb/src/device/usbd.c.obj
 .text.tud_event_hook_cb
                0x1000403c        0x2 CMakeFiles/BNO055.dir/C_/Pico/pico-sdk/lib/tinyusb/src/device/usbd.c.obj
                0x1000403c                tud_event_hook_cb
 .text.tud_sof_cb
                0x1000403e        0x2 CMakeFiles/BNO055.dir/C_/Pico/pico-sdk/lib/tinyusb/src/device/usbd.c.obj
                0x1000403e                tud_sof_cb
 .text.tud_descriptor_device_qualifier_cb
                0x10004040        0x4 CMakeFiles/BNO055.dir/C_/Pico/pico-sdk/lib/tinyusb/src/device/usbd.c.obj
                0x10004040                tud_descriptor_device_qualifier_cb
 .text.tud_descriptor_other_speed_configuration_cb
                0x10004044        0x4 CMakeFiles/BNO055.dir/C_/Pico/pico-sdk/lib/tinyusb/src/device/usbd.c.obj
                0x10004044                tud_descriptor_other_speed_configuration_cb
 .text.process_get_descriptor
                0x10004048       0xf8 CMakeFiles/BNO055.dir/C_/Pico/pico-sdk/lib/tinyusb/src/device/usbd.c.obj
 .text.tud_mount_cb
                0x10004140        0x2 CMakeFiles/BNO055.dir/C_/Pico/pico-sdk/lib/tinyusb/src/device/usbd.c.obj
                0x10004140                tud_mount_cb
 .text.tud_umount_cb
                0x10004142        0x2 CMakeFiles/BNO055.dir/C_/Pico/pico-sdk/lib/tinyusb/src/device/usbd.c.obj
                0x10004142                tud_umount_cb
 .text.tud_suspend_cb
                0x10004144        0x2 CMakeFiles/BNO055.dir/C_/Pico/pico-sdk/lib/tinyusb/src/device/usbd.c.obj
                0x10004144                tud_suspend_cb
 .text.tud_resume_cb
                0x10004146        0x2 CMakeFiles/BNO055.dir/C_/Pico/pico-sdk/lib/tinyusb/src/device/usbd.c.obj
                0x10004146                tud_resume_cb
 .text.tud_mounted
                0x10004148       0x10 CMakeFiles/BNO055.dir/C_/Pico/pico-sdk/lib/tinyusb/src/device/usbd.c.obj
                0x10004148                tud_mounted
 .text.tud_suspended
                0x10004158       0x10 CMakeFiles/BNO055.dir/C_/Pico/pico-sdk/lib/tinyusb/src/device/usbd.c.obj
                0x10004158                tud_suspended
 .text.tud_inited
                0x10004168       0x10 CMakeFiles/BNO055.dir/C_/Pico/pico-sdk/lib/tinyusb/src/device/usbd.c.obj
                0x10004168                tud_inited
 .text.tud_init
                0x10004178       0xe8 CMakeFiles/BNO055.dir/C_/Pico/pico-sdk/lib/tinyusb/src/device/usbd.c.obj
                0x10004178                tud_init
 .text.usbd_edpt_open
                0x10004260       0x7c CMakeFiles/BNO055.dir/C_/Pico/pico-sdk/lib/tinyusb/src/device/usbd.c.obj
                0x10004260                usbd_edpt_open
 .text.usbd_open_edpt_pair
                0x100042dc       0xa4 CMakeFiles/BNO055.dir/C_/Pico/pico-sdk/lib/tinyusb/src/device/usbd.c.obj
                0x100042dc                usbd_open_edpt_pair
 .text.usbd_edpt_claim
                0x10004380       0x28 CMakeFiles/BNO055.dir/C_/Pico/pico-sdk/lib/tinyusb/src/device/usbd.c.obj
                0x10004380                usbd_edpt_claim
 .text.usbd_edpt_release
                0x100043a8       0x28 CMakeFiles/BNO055.dir/C_/Pico/pico-sdk/lib/tinyusb/src/device/usbd.c.obj
                0x100043a8                usbd_edpt_release
 .text.usbd_edpt_xfer
                0x100043d0       0x90 CMakeFiles/BNO055.dir/C_/Pico/pico-sdk/lib/tinyusb/src/device/usbd.c.obj
                0x100043d0                usbd_edpt_xfer
 .text.usbd_edpt_stall
                0x10004460       0x3c CMakeFiles/BNO055.dir/C_/Pico/pico-sdk/lib/tinyusb/src/device/usbd.c.obj
                0x10004460                usbd_edpt_stall
 .text.usbd_edpt_clear_stall
                0x1000449c       0x3c CMakeFiles/BNO055.dir/C_/Pico/pico-sdk/lib/tinyusb/src/device/usbd.c.obj
                0x1000449c                usbd_edpt_clear_stall
 .text.usbd_edpt_stalled
                0x100044d8       0x1c CMakeFiles/BNO055.dir/C_/Pico/pico-sdk/lib/tinyusb/src/device/usbd.c.obj
                0x100044d8                usbd_edpt_stalled
 .text.process_control_request
                0x100044f4      0x408 CMakeFiles/BNO055.dir/C_/Pico/pico-sdk/lib/tinyusb/src/device/usbd.c.obj
 .text.tud_task_ext
                0x100048fc      0x258 CMakeFiles/BNO055.dir/C_/Pico/pico-sdk/lib/tinyusb/src/device/usbd.c.obj
                0x100048fc                tud_task_ext
 .text._data_stage_xact
                0x10004b54       0x5c CMakeFiles/BNO055.dir/C_/Pico/pico-sdk/lib/tinyusb/src/device/usbd_control.c.obj
 .text.tud_control_status
                0x10004bb0       0x34 CMakeFiles/BNO055.dir/C_/Pico/pico-sdk/lib/tinyusb/src/device/usbd_control.c.obj
                0x10004bb0                tud_control_status
 .text.tud_control_xfer
                0x10004be4       0xbc CMakeFiles/BNO055.dir/C_/Pico/pico-sdk/lib/tinyusb/src/device/usbd_control.c.obj
                0x10004be4                tud_control_xfer
 .text.usbd_control_reset
                0x10004ca0       0x14 CMakeFiles/BNO055.dir/C_/Pico/pico-sdk/lib/tinyusb/src/device/usbd_control.c.obj
                0x10004ca0                usbd_control_reset
 .text.usbd_control_set_complete_callback
                0x10004cb4        0xc CMakeFiles/BNO055.dir/C_/Pico/pico-sdk/lib/tinyusb/src/device/usbd_control.c.obj
                0x10004cb4                usbd_control_set_complete_callback
 .text.usbd_control_set_request
                0x10004cc0       0x1c CMakeFiles/BNO055.dir/C_/Pico/pico-sdk/lib/tinyusb/src/device/usbd_control.c.obj
                0x10004cc0                usbd_control_set_request
 .text.usbd_control_xfer_cb
                0x10004cdc      0x120 CMakeFiles/BNO055.dir/C_/Pico/pico-sdk/lib/tinyusb/src/device/usbd_control.c.obj
                0x10004cdc                usbd_control_xfer_cb
 .text._prep_out_transaction
                0x10004dfc       0x6a CMakeFiles/BNO055.dir/C_/Pico/pico-sdk/lib/tinyusb/src/class/cdc/cdc_device.c.obj
 *fill*         0x10004e66        0x2 
 .text.tud_cdc_n_connected
                0x10004e68       0x40 CMakeFiles/BNO055.dir/C_/Pico/pico-sdk/lib/tinyusb/src/class/cdc/cdc_device.c.obj
                0x10004e68                tud_cdc_n_connected
 .text.tud_cdc_n_available
                0x10004ea8       0x1c CMakeFiles/BNO055.dir/C_/Pico/pico-sdk/lib/tinyusb/src/class/cdc/cdc_device.c.obj
                0x10004ea8                tud_cdc_n_available
 .text.tud_cdc_n_read
                0x10004ec4       0x38 CMakeFiles/BNO055.dir/C_/Pico/pico-sdk/lib/tinyusb/src/class/cdc/cdc_device.c.obj
                0x10004ec4                tud_cdc_n_read
 .text.tud_cdc_n_write_flush
                0x10004efc       0xd0 CMakeFiles/BNO055.dir/C_/Pico/pico-sdk/lib/tinyusb/src/class/cdc/cdc_device.c.obj
                0x10004efc                tud_cdc_n_write_flush
 .text.tud_cdc_n_write
                0x10004fcc       0x48 CMakeFiles/BNO055.dir/C_/Pico/pico-sdk/lib/tinyusb/src/class/cdc/cdc_device.c.obj
                0x10004fcc                tud_cdc_n_write
 .text.tud_cdc_n_write_available
                0x10005014       0x1c CMakeFiles/BNO055.dir/C_/Pico/pico-sdk/lib/tinyusb/src/class/cdc/cdc_device.c.obj
                0x10005014                tud_cdc_n_write_available
 .text.cdcd_init
                0x10005030       0xb0 CMakeFiles/BNO055.dir/C_/Pico/pico-sdk/lib/tinyusb/src/class/cdc/cdc_device.c.obj
                0x10005030                cdcd_init
 .text.cdcd_deinit
                0x100050e0       0x54 CMakeFiles/BNO055.dir/C_/Pico/pico-sdk/lib/tinyusb/src/class/cdc/cdc_device.c.obj
                0x100050e0                cdcd_deinit
 .text.cdcd_reset
                0x10005134       0x80 CMakeFiles/BNO055.dir/C_/Pico/pico-sdk/lib/tinyusb/src/class/cdc/cdc_device.c.obj
                0x10005134                cdcd_reset
 .text.cdcd_open
                0x100051b4      0x120 CMakeFiles/BNO055.dir/C_/Pico/pico-sdk/lib/tinyusb/src/class/cdc/cdc_device.c.obj
                0x100051b4                cdcd_open
 .text.cdcd_control_xfer_cb
                0x100052d4      0x118 CMakeFiles/BNO055.dir/C_/Pico/pico-sdk/lib/tinyusb/src/class/cdc/cdc_device.c.obj
                0x100052d4                cdcd_control_xfer_cb
 .text.cdcd_xfer_cb
                0x100053ec      0x138 CMakeFiles/BNO055.dir/C_/Pico/pico-sdk/lib/tinyusb/src/class/cdc/cdc_device.c.obj
                0x100053ec                cdcd_xfer_cb
 .text.tud_vendor_n_mounted
                0x10005524       0x34 CMakeFiles/BNO055.dir/C_/Pico/pico-sdk/lib/tinyusb/src/class/vendor/vendor_device.c.obj
                0x10005524                tud_vendor_n_mounted
 .text.tud_vendor_n_write_flush
                0x10005558       0x24 CMakeFiles/BNO055.dir/C_/Pico/pico-sdk/lib/tinyusb/src/class/vendor/vendor_device.c.obj
                0x10005558                tud_vendor_n_write_flush
 .text.vendord_init
                0x1000557c       0x8c CMakeFiles/BNO055.dir/C_/Pico/pico-sdk/lib/tinyusb/src/class/vendor/vendor_device.c.obj
                0x1000557c                vendord_init
 .text.vendord_deinit
                0x10005608       0x34 CMakeFiles/BNO055.dir/C_/Pico/pico-sdk/lib/tinyusb/src/class/vendor/vendor_device.c.obj
                0x10005608                vendord_deinit
 .text.vendord_reset
                0x1000563c       0x34 CMakeFiles/BNO055.dir/C_/Pico/pico-sdk/lib/tinyusb/src/class/vendor/vendor_device.c.obj
                0x1000563c                vendord_reset
 .text.vendord_open
                0x10005670      0x150 CMakeFiles/BNO055.dir/C_/Pico/pico-sdk/lib/tinyusb/src/class/vendor/vendor_device.c.obj
                0x10005670                vendord_open
 .text.vendord_xfer_cb
                0x100057c0       0xa4 CMakeFiles/BNO055.dir/C_/Pico/pico-sdk/lib/tinyusb/src/class/vendor/vendor_device.c.obj
                0x100057c0                vendord_xfer_cb
 .text.tusb_init
                0x10005864       0x34 CMakeFiles/BNO055.dir/C_/Pico/pico-sdk/lib/tinyusb/src/tusb.c.obj
                0x10005864                tusb_init
 .text.tu_edpt_claim
                0x10005898       0x54 CMakeFiles/BNO055.dir/C_/Pico/pico-sdk/lib/tinyusb/src/tusb.c.obj
                0x10005898                tu_edpt_claim
 .text.tu_edpt_release
                0x100058ec       0x40 CMakeFiles/BNO055.dir/C_/Pico/pico-sdk/lib/tinyusb/src/tusb.c.obj
                0x100058ec                tu_edpt_release
 .text.tu_edpt_validate
                0x1000592c       0xe0 CMakeFiles/BNO055.dir/C_/Pico/pico-sdk/lib/tinyusb/src/tusb.c.obj
                0x1000592c                tu_edpt_validate
 .text.tu_edpt_bind_driver
                0x10005a0c       0x4a CMakeFiles/BNO055.dir/C_/Pico/pico-sdk/lib/tinyusb/src/tusb.c.obj
                0x10005a0c                tu_edpt_bind_driver
 .text.tu_edpt_stream_init
                0x10005a56       0x56 CMakeFiles/BNO055.dir/C_/Pico/pico-sdk/lib/tinyusb/src/tusb.c.obj
                0x10005a56                tu_edpt_stream_init
 .text.tu_edpt_stream_deinit
                0x10005aac        0x4 CMakeFiles/BNO055.dir/C_/Pico/pico-sdk/lib/tinyusb/src/tusb.c.obj
                0x10005aac                tu_edpt_stream_deinit
 .text.tu_edpt_stream_write_zlp_if_needed
                0x10005ab0       0x90 CMakeFiles/BNO055.dir/C_/Pico/pico-sdk/lib/tinyusb/src/tusb.c.obj
                0x10005ab0                tu_edpt_stream_write_zlp_if_needed
 .text.tu_edpt_stream_write_xfer
                0x10005b40       0x98 CMakeFiles/BNO055.dir/C_/Pico/pico-sdk/lib/tinyusb/src/tusb.c.obj
                0x10005b40                tu_edpt_stream_write_xfer
 .text.tu_edpt_stream_read_xfer
                0x10005bd8      0x118 CMakeFiles/BNO055.dir/C_/Pico/pico-sdk/lib/tinyusb/src/tusb.c.obj
                0x10005bd8                tu_edpt_stream_read_xfer
 .text.advance_index
                0x10005cf0       0x1a CMakeFiles/BNO055.dir/C_/Pico/pico-sdk/lib/tinyusb/src/common/tusb_fifo.c.obj
 .text._tu_fifo_peek
                0x10005d0a       0x64 CMakeFiles/BNO055.dir/C_/Pico/pico-sdk/lib/tinyusb/src/common/tusb_fifo.c.obj
 .text._ff_pull_n
                0x10005d6e       0x66 CMakeFiles/BNO055.dir/C_/Pico/pico-sdk/lib/tinyusb/src/common/tusb_fifo.c.obj
 .text._tu_fifo_peek_n
                0x10005dd4       0x68 CMakeFiles/BNO055.dir/C_/Pico/pico-sdk/lib/tinyusb/src/common/tusb_fifo.c.obj
 .text._tu_fifo_read_n
                0x10005e3c       0x4c CMakeFiles/BNO055.dir/C_/Pico/pico-sdk/lib/tinyusb/src/common/tusb_fifo.c.obj
 .text._ff_push_n
                0x10005e88       0x66 CMakeFiles/BNO055.dir/C_/Pico/pico-sdk/lib/tinyusb/src/common/tusb_fifo.c.obj
 .text._tu_fifo_write_n
                0x10005eee       0xe2 CMakeFiles/BNO055.dir/C_/Pico/pico-sdk/lib/tinyusb/src/common/tusb_fifo.c.obj
 .text.tu_fifo_config
                0x10005fd0       0x62 CMakeFiles/BNO055.dir/C_/Pico/pico-sdk/lib/tinyusb/src/common/tusb_fifo.c.obj
                0x10005fd0                tu_fifo_config
 .text.tu_fifo_count
                0x10006032       0x28 CMakeFiles/BNO055.dir/C_/Pico/pico-sdk/lib/tinyusb/src/common/tusb_fifo.c.obj
                0x10006032                tu_fifo_count
 .text.tu_fifo_empty
                0x1000605a       0x12 CMakeFiles/BNO055.dir/C_/Pico/pico-sdk/lib/tinyusb/src/common/tusb_fifo.c.obj
                0x1000605a                tu_fifo_empty
 .text.tu_fifo_full
                0x1000606c       0x28 CMakeFiles/BNO055.dir/C_/Pico/pico-sdk/lib/tinyusb/src/common/tusb_fifo.c.obj
                0x1000606c                tu_fifo_full
 .text.tu_fifo_remaining
                0x10006094       0x2c CMakeFiles/BNO055.dir/C_/Pico/pico-sdk/lib/tinyusb/src/common/tusb_fifo.c.obj
                0x10006094                tu_fifo_remaining
 .text.tu_fifo_read
                0x100060c0       0x3e CMakeFiles/BNO055.dir/C_/Pico/pico-sdk/lib/tinyusb/src/common/tusb_fifo.c.obj
                0x100060c0                tu_fifo_read
 .text.tu_fifo_read_n
                0x100060fe        0xa CMakeFiles/BNO055.dir/C_/Pico/pico-sdk/lib/tinyusb/src/common/tusb_fifo.c.obj
                0x100060fe                tu_fifo_read_n
 .text.tu_fifo_write
                0x10006108       0x5e CMakeFiles/BNO055.dir/C_/Pico/pico-sdk/lib/tinyusb/src/common/tusb_fifo.c.obj
                0x10006108                tu_fifo_write
 .text.tu_fifo_write_n
                0x10006166        0xa CMakeFiles/BNO055.dir/C_/Pico/pico-sdk/lib/tinyusb/src/common/tusb_fifo.c.obj
                0x10006166                tu_fifo_write_n
 .text.tu_fifo_clear
                0x10006170       0x36 CMakeFiles/BNO055.dir/C_/Pico/pico-sdk/lib/tinyusb/src/common/tusb_fifo.c.obj
                0x10006170                tu_fifo_clear
 .text.tu_fifo_set_overwritable
                0x100061a6       0x3a CMakeFiles/BNO055.dir/C_/Pico/pico-sdk/lib/tinyusb/src/common/tusb_fifo.c.obj
                0x100061a6                tu_fifo_set_overwritable
 .text.i2c_write_blocking_internal
                0x100061e0      0x124 CMakeFiles/BNO055.dir/C_/Pico/pico-sdk/src/rp2_common/hardware_i2c/i2c.c.obj
 .text.i2c_read_blocking_internal
                0x10006304       0xce CMakeFiles/BNO055.dir/C_/Pico/pico-sdk/src/rp2_common/hardware_i2c/i2c.c.obj
 *fill*         0x100063d2        0x2 
 .text.i2c_set_baudrate
                0x100063d4       0xc8 CMakeFiles/BNO055.dir/C_/Pico/pico-sdk/src/rp2_common/hardware_i2c/i2c.c.obj
                0x100063d4                i2c_set_baudrate
 .text.i2c_init
                0x1000649c       0x6c CMakeFiles/BNO055.dir/C_/Pico/pico-sdk/src/rp2_common/hardware_i2c/i2c.c.obj
                0x1000649c                i2c_init
 .text.i2c_write_blocking
                0x10006508       0x18 CMakeFiles/BNO055.dir/C_/Pico/pico-sdk/src/rp2_common/hardware_i2c/i2c.c.obj
                0x10006508                i2c_write_blocking
 .text.i2c_read_blocking
                0x10006520       0x18 CMakeFiles/BNO055.dir/C_/Pico/pico-sdk/src/rp2_common/hardware_i2c/i2c.c.obj
                0x10006520                i2c_read_blocking
 .text          0x10006538       0xec c:/progra~2/gnuarm~1/102021~1.10/bin/../lib/gcc/arm-none-eabi/10.3.1/../../../../arm-none-eabi/lib/thumb/v8-m.main+fp/softfp\libg.a(lib_a-memcpy.o)
                0x10006538                memcpy
 .text.memset   0x10006624       0xa4 c:/progra~2/gnuarm~1/102021~1.10/bin/../lib/gcc/arm-none-eabi/10.3.1/../../../../arm-none-eabi/lib/thumb/v8-m.main+fp/softfp\libg.a(lib_a-memset.o)
                0x10006624                memset
 .text.strlen   0x100066c8       0x5c c:/progra~2/gnuarm~1/102021~1.10/bin/../lib/gcc/arm-none-eabi/10.3.1/../../../../arm-none-eabi/lib/thumb/v8-m.main+fp/softfp\libg.a(lib_a-strlen-stub.o)
                0x100066c8                strlen
 *(.fini)
 .fini          0x10006724        0x4 c:/progra~2/gnuarm~1/102021~1.10/bin/../lib/gcc/arm-none-eabi/10.3.1/thumb/v8-m.main+fp/softfp/crti.o
                0x10006724                _fini
 .fini.__stub   0x10006728       0xc0 linker stubs
 *crtbegin.o(.ctors)
 *crtbegin?.o(.ctors)
 *(EXCLUDE_FILE(*crtend.o *crtend?.o) .ctors)
 *(SORT_BY_NAME(.ctors.*))
 *(.ctors)
 *crtbegin.o(.dtors)
 *crtbegin?.o(.dtors)
 *(EXCLUDE_FILE(*crtend.o *crtend?.o) .dtors)
 *(SORT_BY_NAME(.dtors.*))
 *(.dtors)
                0x100067e8                . = ALIGN (0x4)
                0x100067e8                PROVIDE (__preinit_array_start = .)
 *(SORT_BY_NAME(.preinit_array.*))
 .preinit_array.00050
                0x100067e8        0x4 CMakeFiles/BNO055.dir/C_/Pico/pico-sdk/src/rp2_common/pico_runtime_init/runtime_init.c.obj
                0x100067e8                __pre_init_runtime_init_bootrom_reset
 .preinit_array.00100
                0x100067ec        0x4 CMakeFiles/BNO055.dir/C_/Pico/pico-sdk/src/rp2_common/pico_runtime_init/runtime_init.c.obj
                0x100067ec                __pre_init_runtime_init_early_resets
 .preinit_array.00101
                0x100067f0        0x4 CMakeFiles/BNO055.dir/C_/Pico/pico-sdk/src/rp2_common/pico_runtime_init/runtime_init.c.obj
                0x100067f0                __pre_init_runtime_init_usb_power_down
 .preinit_array.00500
                0x100067f4        0x4 CMakeFiles/BNO055.dir/C_/Pico/pico-sdk/src/rp2_common/pico_runtime_init/runtime_init.c.obj
                0x100067f4                __pre_init_runtime_init_clocks
 .preinit_array.00600
                0x100067f8        0x4 CMakeFiles/BNO055.dir/C_/Pico/pico-sdk/src/rp2_common/pico_runtime_init/runtime_init.c.obj
                0x100067f8                __pre_init_runtime_init_post_clock_resets
 .preinit_array.01000
                0x100067fc        0x4 CMakeFiles/BNO055.dir/C_/Pico/pico-sdk/src/rp2_common/hardware_boot_lock/boot_lock.c.obj
                0x100067fc                __pre_init_runtime_init_boot_locks_reset
 .preinit_array.01000
                0x10006800        0x4 CMakeFiles/BNO055.dir/C_/Pico/pico-sdk/src/rp2_common/pico_runtime_init/runtime_init.c.obj
                0x10006800                __pre_init_runtime_init_spin_locks_reset
 .preinit_array.01010
                0x10006804        0x4 CMakeFiles/BNO055.dir/C_/Pico/pico-sdk/src/rp2_common/pico_bootrom/bootrom_lock.c.obj
                0x10006804                __pre_init_runtime_init_bootrom_locking_enable
 .preinit_array.01100
                0x10006808        0x4 CMakeFiles/BNO055.dir/C_/Pico/pico-sdk/src/common/pico_sync/mutex.c.obj
                0x10006808                __pre_init_runtime_init_mutex
 .preinit_array.10080
                0x1000680c        0x4 CMakeFiles/BNO055.dir/C_/Pico/pico-sdk/src/rp2_common/pico_runtime_init/runtime_init.c.obj
                0x1000680c                __pre_init_runtime_init_install_ram_vector_table
 .preinit_array.11000
                0x10006810        0x4 CMakeFiles/BNO055.dir/C_/Pico/pico-sdk/src/common/pico_time/time.c.obj
                0x10006810                __pre_init_runtime_init_default_alarm_pool
 .preinit_array.YYYYY
                0x10006814        0x4 CMakeFiles/BNO055.dir/C_/Pico/pico-sdk/src/rp2_common/pico_runtime/runtime.c.obj
                0x10006814                __pre_init_first_per_core_initializer
 .preinit_array.ZZZZZ.00051
                0x10006818        0x4 CMakeFiles/BNO055.dir/C_/Pico/pico-sdk/src/rp2_common/pico_runtime_init/runtime_init.c.obj
                0x10006818                __pre_init_runtime_init_per_core_bootrom_reset
 .preinit_array.ZZZZZ.00200
                0x1000681c        0x4 CMakeFiles/BNO055.dir/C_/Pico/pico-sdk/src/rp2_common/pico_runtime_init/runtime_init.c.obj
                0x1000681c                __pre_init_runtime_init_per_core_enable_coprocessors
 .preinit_array.ZZZZZ.01000
                0x10006820        0x4 CMakeFiles/BNO055.dir/C_/Pico/pico-sdk/src/rp2_common/hardware_sync_spin_lock/sync_spin_lock.c.obj
                0x10006820                __pre_init_spinlock_set_extexclall
 .preinit_array.ZZZZZ.01200
                0x10006824        0x4 CMakeFiles/BNO055.dir/C_/Pico/pico-sdk/src/rp2_common/hardware_irq/irq.c.obj
                0x10006824                __pre_init_runtime_init_per_core_irq_priorities
 *(.preinit_array)
                0x10006828                PROVIDE (__preinit_array_end = .)
                0x10006828                . = ALIGN (0x4)
                0x10006828                PROVIDE (__init_array_start = .)
 *(SORT_BY_NAME(.init_array.*))
 *(.init_array)
 .init_array    0x10006828        0x4 c:/progra~2/gnuarm~1/102021~1.10/bin/../lib/gcc/arm-none-eabi/10.3.1/thumb/v8-m.main+fp/softfp/crtbegin.o
 .init_array    0x1000682c        0x4 CMakeFiles/BNO055.dir/C_/Pico/pico-sdk/src/rp2_common/pico_unique_id/unique_id.c.obj
                0x10006830                PROVIDE (__init_array_end = .)
                0x10006830                . = ALIGN (0x4)
                [!provide]                PROVIDE (__fini_array_start = .)
 *(SORT_BY_NAME(.fini_array.*))
 *(.fini_array)
                [!provide]                PROVIDE (__fini_array_end = .)
 *(.eh_frame*)
 .eh_frame      0x10006830        0x0 c:/progra~2/gnuarm~1/102021~1.10/bin/../lib/gcc/arm-none-eabi/10.3.1/thumb/v8-m.main+fp/softfp/crtbegin.o
                0x10006830                . = ALIGN (0x4)

.glue_7         0x10006830        0x0
 .glue_7        0x10006830        0x0 linker stubs

.glue_7t        0x10006830        0x0
 .glue_7t       0x10006830        0x0 linker stubs

.vfp11_veneer   0x10006830        0x0
 .vfp11_veneer  0x10006830        0x0 linker stubs

.v4_bx          0x10006830        0x0
 .v4_bx         0x10006830        0x0 linker stubs

.iplt           0x10006830        0x0
 .iplt          0x10006830        0x0 c:/progra~2/gnuarm~1/102021~1.10/bin/../lib/gcc/arm-none-eabi/10.3.1/thumb/v8-m.main+fp/softfp/crtbegin.o

.boot2          0x10006830        0x0
                0x10006830                __boot2_start__ = .
 *(.boot2)
                0x10006830                __boot2_end__ = .
                0x00000001                ASSERT (((__boot2_end__ - __boot2_start__) <= 0x100), ERROR: Pico second stage bootloader must be no more than 256 bytes in size)

.rodata         0x10006830      0xe74
 *(EXCLUDE_FILE(*libm.a: *libc.a:*lib_a-mem*.o *libgcc.a:) .rodata*)
 .rodata._Z10accel_initv.str1.4
                0x10006830       0x28 CMakeFiles/BNO055.dir/BNO055.cpp.obj
 .rodata.main.str1.4
                0x10006858       0x42 CMakeFiles/BNO055.dir/BNO055.cpp.obj
                                 0x46 (size before relaxing)
 *fill*         0x1000689a        0x2 
 .rodata.panic.str1.4
                0x1000689c       0x10 CMakeFiles/BNO055.dir/C_/Pico/pico-sdk/src/rp2_common/pico_platform_panic/panic.c.obj
                                 0x12 (size before relaxing)
 .rodata.spin_lock_claim_unused.str1.4
                0x100068ac       0x1b CMakeFiles/BNO055.dir/C_/Pico/pico-sdk/src/rp2_common/hardware_sync/sync.c.obj
 *fill*         0x100068c7        0x1 
 .rodata.make_j_16.str1.4
                0x100068c8       0x63 CMakeFiles/BNO055.dir/C_/Pico/pico-sdk/src/rp2_common/hardware_irq/irq.c.obj
 *fill*         0x1000692b        0x1 
 .rodata.irq_set_exclusive_handler.str1.4
                0x1000692c       0x36 CMakeFiles/BNO055.dir/C_/Pico/pico-sdk/src/rp2_common/hardware_irq/irq.c.obj
 *fill*         0x10006962        0x2 
 .rodata.irq_add_shared_handler.str1.4
                0x10006964       0xe9 CMakeFiles/BNO055.dir/C_/Pico/pico-sdk/src/rp2_common/hardware_irq/irq.c.obj
 *fill*         0x10006a4d        0x3 
 .rodata.irq_add_tail_to_free_list.str1.4
                0x10006a50       0x3a CMakeFiles/BNO055.dir/C_/Pico/pico-sdk/src/rp2_common/hardware_irq/irq.c.obj
 *fill*         0x10006a8a        0x2 
 .rodata.user_irq_claim_unused.str1.4
                0x10006a8c       0x1b CMakeFiles/BNO055.dir/C_/Pico/pico-sdk/src/rp2_common/hardware_irq/irq.c.obj
 *fill*         0x10006aa7        0x1 
 .rodata.__func__.0
                0x10006aa8       0x1a CMakeFiles/BNO055.dir/C_/Pico/pico-sdk/src/rp2_common/hardware_irq/irq.c.obj
 *fill*         0x10006ac2        0x2 
 .rodata.__func__.3
                0x10006ac4        0xa CMakeFiles/BNO055.dir/C_/Pico/pico-sdk/src/rp2_common/hardware_irq/irq.c.obj
 *fill*         0x10006ace        0x2 
 .rodata.__func__.4
                0x10006ad0        0xd CMakeFiles/BNO055.dir/C_/Pico/pico-sdk/src/rp2_common/hardware_irq/irq.c.obj
 *fill*         0x10006add        0x3 
 .rodata.__func__.5
                0x10006ae0       0x17 CMakeFiles/BNO055.dir/C_/Pico/pico-sdk/src/rp2_common/hardware_irq/irq.c.obj
 *fill*         0x10006af7        0x1 
 .rodata.__func__.6
                0x10006af8       0x1a CMakeFiles/BNO055.dir/C_/Pico/pico-sdk/src/rp2_common/hardware_irq/irq.c.obj
 *fill*         0x10006b12        0x2 
 .rodata.runtime_init_mutex.str1.4
                0x10006b14       0x4e CMakeFiles/BNO055.dir/C_/Pico/pico-sdk/src/common/pico_sync/mutex.c.obj
 *fill*         0x10006b62        0x2 
 .rodata.str1.4
                0x10006b64       0x51 CMakeFiles/BNO055.dir/C_/Pico/pico-sdk/src/common/pico_sync/mutex.c.obj
 *fill*         0x10006bb5        0x3 
 .rodata.__func__.1
                0x10006bb8        0xb CMakeFiles/BNO055.dir/C_/Pico/pico-sdk/src/common/pico_sync/mutex.c.obj
 *fill*         0x10006bc3        0x1 
 .rodata.__func__.3
                0x10006bc4       0x18 CMakeFiles/BNO055.dir/C_/Pico/pico-sdk/src/common/pico_sync/mutex.c.obj
 .rodata.__func__.6
                0x10006bdc       0x13 CMakeFiles/BNO055.dir/C_/Pico/pico-sdk/src/common/pico_sync/mutex.c.obj
 *fill*         0x10006bef        0x1 
 .rodata.alarm_pool_irq_handler.str1.4
                0x10006bf0       0x59 CMakeFiles/BNO055.dir/C_/Pico/pico-sdk/src/common/pico_time/time.c.obj
 *fill*         0x10006c49        0x3 
 .rodata.alarm_pool_get_default.str1.4
                0x10006c4c       0x21 CMakeFiles/BNO055.dir/C_/Pico/pico-sdk/src/common/pico_time/time.c.obj
 *fill*         0x10006c6d        0x3 
 .rodata.sleep_until.str1.4
                0x10006c70       0x4d CMakeFiles/BNO055.dir/C_/Pico/pico-sdk/src/common/pico_time/time.c.obj
 *fill*         0x10006cbd        0x3 
 .rodata.__func__.1
                0x10006cc0       0x17 CMakeFiles/BNO055.dir/C_/Pico/pico-sdk/src/common/pico_time/time.c.obj
 *fill*         0x10006cd7        0x1 
 .rodata.__func__.2
                0x10006cd8       0x17 CMakeFiles/BNO055.dir/C_/Pico/pico-sdk/src/common/pico_time/time.c.obj
 *fill*         0x10006cef        0x1 
 .rodata.timer_hardware_alarm_claim.str1.4
                0x10006cf0       0x22 CMakeFiles/BNO055.dir/C_/Pico/pico-sdk/src/rp2_common/hardware_timer/timer.c.obj
 *fill*         0x10006d12        0x2 
 .rodata.pll_init.str1.4
                0x10006d14      0x108 CMakeFiles/BNO055.dir/C_/Pico/pico-sdk/src/rp2_common/hardware_pll/pll.c.obj
 .rodata.__func__.0
                0x10006e1c        0x9 CMakeFiles/BNO055.dir/C_/Pico/pico-sdk/src/rp2_common/hardware_pll/pll.c.obj
 *fill*         0x10006e25        0x3 
 .rodata.str1.4
                0x10006e28       0x3c CMakeFiles/BNO055.dir/C_/Pico/pico-sdk/src/rp2_common/pico_standard_binary_info/standard_binary_info.c.obj
 .rodata.__bi_26
                0x10006e64        0xc CMakeFiles/BNO055.dir/C_/Pico/pico-sdk/src/rp2_common/pico_standard_binary_info/standard_binary_info.c.obj
 .rodata.__bi_34
                0x10006e70        0xc CMakeFiles/BNO055.dir/C_/Pico/pico-sdk/src/rp2_common/pico_standard_binary_info/standard_binary_info.c.obj
 .rodata.__bi_42
                0x10006e7c        0xc CMakeFiles/BNO055.dir/C_/Pico/pico-sdk/src/rp2_common/pico_standard_binary_info/standard_binary_info.c.obj
 .rodata.__bi_48
                0x10006e88        0xc CMakeFiles/BNO055.dir/C_/Pico/pico-sdk/src/rp2_common/pico_standard_binary_info/standard_binary_info.c.obj
 .rodata.__bi_54
                0x10006e94        0xc CMakeFiles/BNO055.dir/C_/Pico/pico-sdk/src/rp2_common/pico_standard_binary_info/standard_binary_info.c.obj
 .rodata.__bi_78
                0x10006ea0        0xc CMakeFiles/BNO055.dir/C_/Pico/pico-sdk/src/rp2_common/pico_standard_binary_info/standard_binary_info.c.obj
 .rodata.__bi_84
                0x10006eac        0xc CMakeFiles/BNO055.dir/C_/Pico/pico-sdk/src/rp2_common/pico_standard_binary_info/standard_binary_info.c.obj
 .rodata._ftoa.str1.4
                0x10006eb8       0x15 CMakeFiles/BNO055.dir/C_/Pico/pico-sdk/src/rp2_common/pico_printf/printf.c.obj
 *fill*         0x10006ecd        0x3 
 .rodata.pow10.0
                0x10006ed0       0x50 CMakeFiles/BNO055.dir/C_/Pico/pico-sdk/src/rp2_common/pico_printf/printf.c.obj
 .rodata.__assert_func.str1.4
                0x10006f20       0x3f CMakeFiles/BNO055.dir/C_/Pico/pico-sdk/src/rp2_common/pico_clib_interface/newlib_interface.c.obj
                                 0x43 (size before relaxing)
 *fill*         0x10006f5f        0x1 
 .rodata.crlf_str.0
                0x10006f60        0x2 CMakeFiles/BNO055.dir/C_/Pico/pico-sdk/src/rp2_common/pico_stdio/stdio.c.obj
 *fill*         0x10006f62        0x2 
 .rodata._resetd_driver
                0x10006f64       0x20 CMakeFiles/BNO055.dir/C_/Pico/pico-sdk/src/rp2_common/pico_stdio_usb/reset_interface.c.obj
 .rodata.desc_bos
                0x10006f84       0x21 CMakeFiles/BNO055.dir/C_/Pico/pico-sdk/src/rp2_common/pico_stdio_usb/reset_interface.c.obj
                0x10006f84                desc_bos
 *fill*         0x10006fa5        0x3 
 .rodata.desc_ms_os_20
                0x10006fa8       0xa6 CMakeFiles/BNO055.dir/C_/Pico/pico-sdk/src/rp2_common/pico_stdio_usb/reset_interface.c.obj
 *fill*         0x1000704e        0x2 
 .rodata.stdio_usb_init.str1.4
                0x10007050       0x43 CMakeFiles/BNO055.dir/C_/Pico/pico-sdk/src/rp2_common/pico_stdio_usb/stdio_usb.c.obj
 *fill*         0x10007093        0x1 
 .rodata.str1.4
                0x10007094       0x13 CMakeFiles/BNO055.dir/C_/Pico/pico-sdk/src/rp2_common/pico_stdio_usb/stdio_usb.c.obj
 *fill*         0x100070a7        0x1 
 .rodata.__bi_197.1
                0x100070a8        0xc CMakeFiles/BNO055.dir/C_/Pico/pico-sdk/src/rp2_common/pico_stdio_usb/stdio_usb.c.obj
 .rodata.__func__.2
                0x100070b4        0xf CMakeFiles/BNO055.dir/C_/Pico/pico-sdk/src/rp2_common/pico_stdio_usb/stdio_usb.c.obj
 *fill*         0x100070c3        0x1 
 .rodata.str1.4
                0x100070c4       0x2a CMakeFiles/BNO055.dir/C_/Pico/pico-sdk/src/rp2_common/pico_stdio_usb/stdio_usb_descriptors.c.obj
 *fill*         0x100070ee        0x2 
 .rodata.usbd_desc_cfg
                0x100070f0       0x54 CMakeFiles/BNO055.dir/C_/Pico/pico-sdk/src/rp2_common/pico_stdio_usb/stdio_usb_descriptors.c.obj
 .rodata.usbd_desc_device
                0x10007144       0x12 CMakeFiles/BNO055.dir/C_/Pico/pico-sdk/src/rp2_common/pico_stdio_usb/stdio_usb_descriptors.c.obj
 *fill*         0x10007156        0x2 
 .rodata.usbd_desc_str
                0x10007158       0x18 CMakeFiles/BNO055.dir/C_/Pico/pico-sdk/src/rp2_common/pico_stdio_usb/stdio_usb_descriptors.c.obj
 .rodata._retrieve_unique_id_on_boot.str1.4
                0x10007170       0x43 CMakeFiles/BNO055.dir/C_/Pico/pico-sdk/src/rp2_common/pico_unique_id/unique_id.c.obj
 *fill*         0x100071b3        0x1 
 .rodata.pico_get_unique_board_id_string.str1.4
                0x100071b4        0x8 CMakeFiles/BNO055.dir/C_/Pico/pico-sdk/src/rp2_common/pico_unique_id/unique_id.c.obj
 .rodata.__func__.0
                0x100071bc       0x20 CMakeFiles/BNO055.dir/C_/Pico/pico-sdk/src/rp2_common/pico_unique_id/unique_id.c.obj
 .rodata.__func__.1
                0x100071dc       0x1c CMakeFiles/BNO055.dir/C_/Pico/pico-sdk/src/rp2_common/pico_unique_id/unique_id.c.obj
 .rodata._hw_endpoint_alloc.str1.4
                0x100071f8       0xad CMakeFiles/BNO055.dir/C_/Pico/pico-sdk/lib/tinyusb/src/portable/raspberrypi/rp2040/dcd_rp2040.c.obj
 *fill*         0x100072a5        0x3 
 .rodata.str1.4
                0x100072a8       0x14 CMakeFiles/BNO055.dir/C_/Pico/pico-sdk/lib/tinyusb/src/portable/raspberrypi/rp2040/dcd_rp2040.c.obj
 .rodata.dcd_int_enable.str1.4
                0x100072bc        0xc CMakeFiles/BNO055.dir/C_/Pico/pico-sdk/lib/tinyusb/src/portable/raspberrypi/rp2040/dcd_rp2040.c.obj
 .rodata.__func__.0
                0x100072c8        0xe CMakeFiles/BNO055.dir/C_/Pico/pico-sdk/lib/tinyusb/src/portable/raspberrypi/rp2040/dcd_rp2040.c.obj
 *fill*         0x100072d6        0x2 
 .rodata.__func__.1
                0x100072d8        0xe CMakeFiles/BNO055.dir/C_/Pico/pico-sdk/lib/tinyusb/src/portable/raspberrypi/rp2040/dcd_rp2040.c.obj
 *fill*         0x100072e6        0x2 
 .rodata.__func__.3
                0x100072e8       0x10 CMakeFiles/BNO055.dir/C_/Pico/pico-sdk/lib/tinyusb/src/portable/raspberrypi/rp2040/dcd_rp2040.c.obj
 .rodata.__func__.5
                0x100072f8        0xf CMakeFiles/BNO055.dir/C_/Pico/pico-sdk/lib/tinyusb/src/portable/raspberrypi/rp2040/dcd_rp2040.c.obj
 *fill*         0x10007307        0x1 
 .rodata.__func__.6
                0x10007308       0x13 CMakeFiles/BNO055.dir/C_/Pico/pico-sdk/lib/tinyusb/src/portable/raspberrypi/rp2040/dcd_rp2040.c.obj
 *fill*         0x1000731b        0x1 
 .rodata.__func__.7
                0x1000731c        0x9 CMakeFiles/BNO055.dir/C_/Pico/pico-sdk/lib/tinyusb/src/portable/raspberrypi/rp2040/dcd_rp2040.c.obj
 *fill*         0x10007325        0x3 
 .rodata.str1.4
                0x10007328       0xd4 CMakeFiles/BNO055.dir/C_/Pico/pico-sdk/lib/tinyusb/src/portable/raspberrypi/rp2040/rp2040_usb.c.obj
 .rodata.hw_endpoint_xfer_start.str1.4
                0x100073fc       0x38 CMakeFiles/BNO055.dir/C_/Pico/pico-sdk/lib/tinyusb/src/portable/raspberrypi/rp2040/rp2040_usb.c.obj
 .rodata.__func__.0
                0x10007434        0xf CMakeFiles/BNO055.dir/C_/Pico/pico-sdk/lib/tinyusb/src/portable/raspberrypi/rp2040/rp2040_usb.c.obj
 *fill*         0x10007443        0x1 
 .rodata.configuration_reset.str1.4
                0x10007444       0x17 CMakeFiles/BNO055.dir/C_/Pico/pico-sdk/lib/tinyusb/src/device/usbd.c.obj
 *fill*         0x1000745b        0x1 
 .rodata.__func__.1
                0x1000745c        0xf CMakeFiles/BNO055.dir/C_/Pico/pico-sdk/lib/tinyusb/src/device/usbd.c.obj
 *fill*         0x1000746b        0x1 
 .rodata.__func__.10
                0x1000746c        0x9 CMakeFiles/BNO055.dir/C_/Pico/pico-sdk/lib/tinyusb/src/device/usbd.c.obj
 *fill*         0x10007475        0x3 
 .rodata.__func__.2
                0x10007478        0xf CMakeFiles/BNO055.dir/C_/Pico/pico-sdk/lib/tinyusb/src/device/usbd.c.obj
 *fill*         0x10007487        0x1 
 .rodata.__func__.3
                0x10007488       0x14 CMakeFiles/BNO055.dir/C_/Pico/pico-sdk/lib/tinyusb/src/device/usbd.c.obj
 .rodata.__func__.4
                0x1000749c        0xc CMakeFiles/BNO055.dir/C_/Pico/pico-sdk/lib/tinyusb/src/device/usbd.c.obj
 .rodata.__func__.5
                0x100074a8       0x17 CMakeFiles/BNO055.dir/C_/Pico/pico-sdk/lib/tinyusb/src/device/usbd.c.obj
 *fill*         0x100074bf        0x1 
 .rodata.__func__.6
                0x100074c0       0x13 CMakeFiles/BNO055.dir/C_/Pico/pico-sdk/lib/tinyusb/src/device/usbd.c.obj
 *fill*         0x100074d3        0x1 
 .rodata.__func__.7
                0x100074d4       0x18 CMakeFiles/BNO055.dir/C_/Pico/pico-sdk/lib/tinyusb/src/device/usbd.c.obj
 .rodata.__func__.8
                0x100074ec       0x14 CMakeFiles/BNO055.dir/C_/Pico/pico-sdk/lib/tinyusb/src/device/usbd.c.obj
 .rodata.__func__.9
                0x10007500        0xd CMakeFiles/BNO055.dir/C_/Pico/pico-sdk/lib/tinyusb/src/device/usbd.c.obj
 *fill*         0x1000750d        0x3 
 .rodata._usbd_driver
                0x10007510       0x40 CMakeFiles/BNO055.dir/C_/Pico/pico-sdk/lib/tinyusb/src/device/usbd.c.obj
 .rodata.tud_control_xfer.str1.4
                0x10007550       0x17 CMakeFiles/BNO055.dir/C_/Pico/pico-sdk/lib/tinyusb/src/device/usbd_control.c.obj
 .rodata.__func__.0
                0x10007550       0x15 CMakeFiles/BNO055.dir/C_/Pico/pico-sdk/lib/tinyusb/src/device/usbd_control.c.obj
 *fill*         0x10007565        0x3 
 .rodata.__func__.1
                0x10007568       0x11 CMakeFiles/BNO055.dir/C_/Pico/pico-sdk/lib/tinyusb/src/device/usbd_control.c.obj
 .rodata.tud_cdc_n_write_flush.str1.4
                0x10007579       0x17 CMakeFiles/BNO055.dir/C_/Pico/pico-sdk/lib/tinyusb/src/class/cdc/cdc_device.c.obj
 *fill*         0x10007579        0x3 
 .rodata.__func__.0
                0x1000757c        0xd CMakeFiles/BNO055.dir/C_/Pico/pico-sdk/lib/tinyusb/src/class/cdc/cdc_device.c.obj
 *fill*         0x10007589        0x3 
 .rodata.__func__.1
                0x1000758c        0xa CMakeFiles/BNO055.dir/C_/Pico/pico-sdk/lib/tinyusb/src/class/cdc/cdc_device.c.obj
 *fill*         0x10007596        0x2 
 .rodata.__func__.3
                0x10007598       0x16 CMakeFiles/BNO055.dir/C_/Pico/pico-sdk/lib/tinyusb/src/class/cdc/cdc_device.c.obj
 .rodata.vendord_open.str1.4
                0x100075ae       0x17 CMakeFiles/BNO055.dir/C_/Pico/pico-sdk/lib/tinyusb/src/class/vendor/vendor_device.c.obj
 *fill*         0x100075ae        0x2 
 .rodata.__func__.0
                0x100075b0        0xd CMakeFiles/BNO055.dir/C_/Pico/pico-sdk/lib/tinyusb/src/class/vendor/vendor_device.c.obj
 .rodata.tusb_init.str1.4
                0x100075bd       0x17 CMakeFiles/BNO055.dir/C_/Pico/pico-sdk/lib/tinyusb/src/tusb.c.obj
 *fill*         0x100075bd        0x3 
 .rodata.__func__.0
                0x100075c0       0x19 CMakeFiles/BNO055.dir/C_/Pico/pico-sdk/lib/tinyusb/src/tusb.c.obj
 *fill*         0x100075d9        0x3 
 .rodata.__func__.2
                0x100075dc       0x1a CMakeFiles/BNO055.dir/C_/Pico/pico-sdk/lib/tinyusb/src/tusb.c.obj
 *fill*         0x100075f6        0x2 
 .rodata.__func__.3
                0x100075f8       0x23 CMakeFiles/BNO055.dir/C_/Pico/pico-sdk/lib/tinyusb/src/tusb.c.obj
 *fill*         0x1000761b        0x1 
 .rodata.__func__.4
                0x1000761c       0x11 CMakeFiles/BNO055.dir/C_/Pico/pico-sdk/lib/tinyusb/src/tusb.c.obj
 *fill*         0x1000762d        0x3 
 .rodata.__func__.5
                0x10007630        0xa CMakeFiles/BNO055.dir/C_/Pico/pico-sdk/lib/tinyusb/src/tusb.c.obj
 *fill*         0x1000763a        0x2 
 .rodata.i2c_set_baudrate.str1.4
                0x1000763c       0x53 CMakeFiles/BNO055.dir/C_/Pico/pico-sdk/src/rp2_common/hardware_i2c/i2c.c.obj
 *fill*         0x1000768f        0x1 
 .rodata.__func__.0
                0x10007690       0x11 CMakeFiles/BNO055.dir/C_/Pico/pico-sdk/src/rp2_common/hardware_i2c/i2c.c.obj
 *(.srodata*)
                0x100076a4                . = ALIGN (0x4)
 *fill*         0x100076a1        0x3 
 *(SORT_BY_ALIGNMENT(SORT_BY_NAME(.flashdata*)))
                0x100076a4                . = ALIGN (0x4)

.ARM.extab
 *(.ARM.extab* .gnu.linkonce.armextab.*)
                0x100076a4                __exidx_start = .

.ARM.exidx      0x100076a4        0x8
 *(.ARM.exidx* .gnu.linkonce.armexidx.*)
 .ARM.exidx     0x100076a4        0x8 c:/progra~2/gnuarm~1/102021~1.10/bin/../lib/gcc/arm-none-eabi/10.3.1/thumb/v8-m.main+fp/softfp\libgcc.a(_udivmoddi4.o)
                0x100076ac                __exidx_end = .
                0x100076ac                . = ALIGN (0x4)
                0x100076ac                __binary_info_start = .

.binary_info    0x100076ac       0x20
 *(.binary_info.keep.*)
 .binary_info.keep.__bi_ptr26
                0x100076ac        0x4 CMakeFiles/BNO055.dir/C_/Pico/pico-sdk/src/rp2_common/pico_standard_binary_info/standard_binary_info.c.obj
 .binary_info.keep.__bi_ptr34
                0x100076b0        0x4 CMakeFiles/BNO055.dir/C_/Pico/pico-sdk/src/rp2_common/pico_standard_binary_info/standard_binary_info.c.obj
 .binary_info.keep.__bi_ptr42
                0x100076b4        0x4 CMakeFiles/BNO055.dir/C_/Pico/pico-sdk/src/rp2_common/pico_standard_binary_info/standard_binary_info.c.obj
 .binary_info.keep.__bi_ptr48
                0x100076b8        0x4 CMakeFiles/BNO055.dir/C_/Pico/pico-sdk/src/rp2_common/pico_standard_binary_info/standard_binary_info.c.obj
 .binary_info.keep.__bi_ptr54
                0x100076bc        0x4 CMakeFiles/BNO055.dir/C_/Pico/pico-sdk/src/rp2_common/pico_standard_binary_info/standard_binary_info.c.obj
 .binary_info.keep.__bi_ptr78
                0x100076c0        0x4 CMakeFiles/BNO055.dir/C_/Pico/pico-sdk/src/rp2_common/pico_standard_binary_info/standard_binary_info.c.obj
 .binary_info.keep.__bi_ptr84
                0x100076c4        0x4 CMakeFiles/BNO055.dir/C_/Pico/pico-sdk/src/rp2_common/pico_standard_binary_info/standard_binary_info.c.obj
 *(.binary_info.*)
 .binary_info.__bi_ptr197
                0x100076c8        0x4 CMakeFiles/BNO055.dir/C_/Pico/pico-sdk/src/rp2_common/pico_stdio_usb/stdio_usb.c.obj
                0x100076cc                __binary_info_end = .
                0x100076cc                . = ALIGN (0x4)

.ram_vector_table
                0x20000000      0x110
 *(.ram_vector_table)
 .ram_vector_table
                0x20000000      0x110 CMakeFiles/BNO055.dir/C_/Pico/pico-sdk/src/rp2_common/pico_runtime_init/runtime_init.c.obj
                0x20000000                ram_vector_table

.uninitialized_data
                0x20000110        0x0
                0x20000110                . = ALIGN (0x4)
 *(.uninitialized_data*)

.data           0x20000110     0x112c load address 0x100076cc
                0x20000110                __data_start__ = .
 *(vtable)
 *(.time_critical*)
 .time_critical.mutex_try_enter
                0x20000110       0x56 CMakeFiles/BNO055.dir/C_/Pico/pico-sdk/src/common/pico_sync/mutex.c.obj
                0x20000110                mutex_try_enter
 *fill*         0x20000166        0x2 
 .time_critical.mutex_enter_block_until
                0x20000168       0x84 CMakeFiles/BNO055.dir/C_/Pico/pico-sdk/src/common/pico_sync/mutex.c.obj
                0x20000168                mutex_enter_block_until
 .time_critical.mutex_try_enter_block_until
                0x200001ec       0x32 CMakeFiles/BNO055.dir/C_/Pico/pico-sdk/src/common/pico_sync/mutex.c.obj
                0x200001ec                mutex_try_enter_block_until
 .time_critical.mutex_enter_timeout_ms
                0x2000021e       0x52 CMakeFiles/BNO055.dir/C_/Pico/pico-sdk/src/common/pico_sync/mutex.c.obj
                0x2000021e                mutex_enter_timeout_ms
 .time_critical.mutex_exit
                0x20000270       0x58 CMakeFiles/BNO055.dir/C_/Pico/pico-sdk/src/common/pico_sync/mutex.c.obj
                0x20000270                mutex_exit
 .time_critical.reset_non_control_endpoints
                0x200002c8       0x40 CMakeFiles/BNO055.dir/C_/Pico/pico-sdk/lib/tinyusb/src/portable/raspberrypi/rp2040/dcd_rp2040.c.obj
 .time_critical.hw_handle_buff_status
                0x20000308       0x90 CMakeFiles/BNO055.dir/C_/Pico/pico-sdk/lib/tinyusb/src/portable/raspberrypi/rp2040/dcd_rp2040.c.obj
 .time_critical.dcd_rp2040_irq
                0x20000398      0x1fc CMakeFiles/BNO055.dir/C_/Pico/pico-sdk/lib/tinyusb/src/portable/raspberrypi/rp2040/dcd_rp2040.c.obj
 .time_critical.prepare_ep_buffer
                0x20000594       0x5a CMakeFiles/BNO055.dir/C_/Pico/pico-sdk/lib/tinyusb/src/portable/raspberrypi/rp2040/rp2040_usb.c.obj
 *fill*         0x200005ee        0x2 
 .time_critical.e15_is_bulkin_ep
                0x200005f0       0x2c CMakeFiles/BNO055.dir/C_/Pico/pico-sdk/lib/tinyusb/src/portable/raspberrypi/rp2040/rp2040_usb.c.obj
 .time_critical.e15_is_critical_frame_period
                0x2000061c       0x28 CMakeFiles/BNO055.dir/C_/Pico/pico-sdk/lib/tinyusb/src/portable/raspberrypi/rp2040/rp2040_usb.c.obj
 .time_critical.sync_ep_buffer
                0x20000644       0x7c CMakeFiles/BNO055.dir/C_/Pico/pico-sdk/lib/tinyusb/src/portable/raspberrypi/rp2040/rp2040_usb.c.obj
 .time_critical._hw_endpoint_xfer_sync
                0x200006c0       0x2a CMakeFiles/BNO055.dir/C_/Pico/pico-sdk/lib/tinyusb/src/portable/raspberrypi/rp2040/rp2040_usb.c.obj
 .time_critical.hw_endpoint_reset_transfer
                0x200006ea        0xc CMakeFiles/BNO055.dir/C_/Pico/pico-sdk/lib/tinyusb/src/portable/raspberrypi/rp2040/rp2040_usb.c.obj
                0x200006ea                hw_endpoint_reset_transfer
 *fill*         0x200006f6        0x2 
 .time_critical._hw_endpoint_buffer_control_update32
                0x200006f8       0x4c CMakeFiles/BNO055.dir/C_/Pico/pico-sdk/lib/tinyusb/src/portable/raspberrypi/rp2040/rp2040_usb.c.obj
                0x200006f8                _hw_endpoint_buffer_control_update32
 .time_critical.hw_endpoint_start_next_buffer
                0x20000744       0x70 CMakeFiles/BNO055.dir/C_/Pico/pico-sdk/lib/tinyusb/src/portable/raspberrypi/rp2040/rp2040_usb.c.obj
                0x20000744                hw_endpoint_start_next_buffer
 .time_critical.hw_endpoint_xfer_continue
                0x200007b4       0x3c CMakeFiles/BNO055.dir/C_/Pico/pico-sdk/lib/tinyusb/src/portable/raspberrypi/rp2040/rp2040_usb.c.obj
                0x200007b4                hw_endpoint_xfer_continue
 .time_critical.tinyusb
                0x200007f0      0x270 CMakeFiles/BNO055.dir/C_/Pico/pico-sdk/lib/tinyusb/src/device/usbd.c.obj
                0x200007f0                dcd_event_handler
 *(.text*)
 .text          0x20000a60      0x378 c:/progra~2/gnuarm~1/102021~1.10/bin/../lib/gcc/arm-none-eabi/10.3.1/thumb/v8-m.main+fp/softfp\libgcc.a(_arm_addsubdf3.o)
                0x20000a60                __aeabi_drsub
                0x20000a68                __aeabi_dsub
                0x20000a68                __subdf3
                0x20000a6c                __aeabi_dadd
                0x20000a6c                __adddf3
                0x20000ce4                __floatunsidf
                0x20000ce4                __aeabi_ui2d
                0x20000d04                __floatsidf
                0x20000d04                __aeabi_i2d
                0x20000d28                __aeabi_f2d
                0x20000d28                __extendsfdf2
                0x20000d6c                __floatundidf
                0x20000d6c                __aeabi_ul2d
                0x20000d7c                __floatdidf
                0x20000d7c                __aeabi_l2d
 .text          0x20000dd8       0x30 c:/progra~2/gnuarm~1/102021~1.10/bin/../lib/gcc/arm-none-eabi/10.3.1/thumb/v8-m.main+fp/softfp\libgcc.a(_aeabi_uldivmod.o)
                0x20000dd8                __aeabi_uldivmod
 .text          0x20000e08      0x2ec c:/progra~2/gnuarm~1/102021~1.10/bin/../lib/gcc/arm-none-eabi/10.3.1/thumb/v8-m.main+fp/softfp\libgcc.a(_udivmoddi4.o)
                0x20000e08                __udivmoddi4
 .text          0x200010f4        0x4 c:/progra~2/gnuarm~1/102021~1.10/bin/../lib/gcc/arm-none-eabi/10.3.1/thumb/v8-m.main+fp/softfp\libgcc.a(_dvmd_tls.o)
                0x200010f4                __aeabi_idiv0
                0x200010f4                __aeabi_ldiv0
 .text.__stub   0x200010f8       0x90 linker stubs
                0x20001188                . = ALIGN (0x4)
 *(.rodata*)
                0x20001188                . = ALIGN (0x4)
 *(.data*)
 .data.striped_spin_lock_num
                0x20001188        0x1 CMakeFiles/BNO055.dir/C_/Pico/pico-sdk/src/rp2_common/hardware_sync/sync.c.obj
 *fill*         0x20001189        0x3 
 .data          0x2000118c       0x48 CMakeFiles/BNO055.dir/C_/Pico/pico-sdk/src/rp2_common/hardware_irq/irq_handler_chain.S.obj
                0x2000118c                irq_handler_chain_slots
                0x200011bc                irq_handler_chain_first_slot
                0x200011c6                irq_handler_chain_remove_tail
 .data.default_alarm_pool
                0x200011d4       0x18 CMakeFiles/BNO055.dir/C_/Pico/pico-sdk/src/common/pico_time/time.c.obj
 .data.stdio_usb
                0x200011ec       0x18 CMakeFiles/BNO055.dir/C_/Pico/pico-sdk/src/rp2_common/pico_stdio_usb/stdio_usb.c.obj
                0x200011ec                stdio_usb
 .data._usbd_qdef
                0x20001204       0x1c CMakeFiles/BNO055.dir/C_/Pico/pico-sdk/lib/tinyusb/src/device/usbd.c.obj
                0x20001204                _usbd_qdef
 .data._usbd_rhport
                0x20001220        0x1 CMakeFiles/BNO055.dir/C_/Pico/pico-sdk/lib/tinyusb/src/device/usbd.c.obj
 *fill*         0x20001221        0x3 
 .data.i2c0_inst
                0x20001224        0x8 CMakeFiles/BNO055.dir/C_/Pico/pico-sdk/src/rp2_common/hardware_i2c/i2c.c.obj
                0x20001224                i2c0_inst
 .data.i2c1_inst
                0x2000122c        0x8 CMakeFiles/BNO055.dir/C_/Pico/pico-sdk/src/rp2_common/hardware_i2c/i2c.c.obj
                0x2000122c                i2c1_inst
 *(.sdata*)
                0x20001234                . = ALIGN (0x4)
 *(.after_data.*)
                0x20001234                . = ALIGN (0x4)
                0x20001234                PROVIDE (__mutex_array_start = .)
 *(SORT_BY_NAME(.mutex_array.*))
 *(.mutex_array)
 .mutex_array   0x20001234        0x8 CMakeFiles/BNO055.dir/C_/Pico/pico-sdk/src/rp2_common/pico_stdio/stdio.c.obj
                0x2000123c                PROVIDE (__mutex_array_end = .)
 *(.jcr)
                0x2000123c                . = ALIGN (0x4)

.igot.plt       0x2000123c        0x0 load address 0x100087f8
 .igot.plt      0x2000123c        0x0 c:/progra~2/gnuarm~1/102021~1.10/bin/../lib/gcc/arm-none-eabi/10.3.1/thumb/v8-m.main+fp/softfp/crtbegin.o

.tdata          0x2000123c        0x0 load address 0x100087f8
                0x2000123c                . = ALIGN (0x4)
 *(.tdata .tdata.* .gnu.linkonce.td.*)
                0x2000123c                __tdata_end = .
                0x2000123c                PROVIDE (__data_end__ = .)
                0x100076cc                __etext = LOADADDR (.data)

.tbss           0x2000123c        0x0 load address 0x100087f8
                0x2000123c                . = ALIGN (0x4)
                0x2000123c                __bss_start__ = .
                0x2000123c                __tls_base = .
 *(.tbss .tbss.* .gnu.linkonce.tb.*)
 *(.tcommon)
                0x2000123c                __tls_end = .

.bss            0x20001240      0xda4 load address 0x100087f8
                0x20001240                . = ALIGN (0x4)
                0x20001240                __tbss_end = .
 *(SORT_BY_ALIGNMENT(SORT_BY_NAME(.bss*)))
 .bss.default_alarm_pool_entries
                0x20001240      0x180 CMakeFiles/BNO055.dir/C_/Pico/pico-sdk/src/common/pico_time/time.c.obj
 .bss.last_avail_time.3
                0x200013c0        0x8 CMakeFiles/BNO055.dir/C_/Pico/pico-sdk/src/rp2_common/pico_stdio_usb/stdio_usb.c.obj
 .bss           0x200013c8       0x1c c:/progra~2/gnuarm~1/102021~1.10/bin/../lib/gcc/arm-none-eabi/10.3.1/thumb/v8-m.main+fp/softfp/crtbegin.o
 .bss._app_driver
                0x200013e4        0x4 CMakeFiles/BNO055.dir/C_/Pico/pico-sdk/lib/tinyusb/src/device/usbd.c.obj
 .bss._cdcd_fifo_cfg
                0x200013e8        0x1 CMakeFiles/BNO055.dir/C_/Pico/pico-sdk/lib/tinyusb/src/class/cdc/cdc_device.c.obj
 *fill*         0x200013e9        0x3 
 .bss._cdcd_itf
                0x200013ec      0x2c8 CMakeFiles/BNO055.dir/C_/Pico/pico-sdk/lib/tinyusb/src/class/cdc/cdc_device.c.obj
 .bss._ctrl_xfer
                0x200016b4       0x14 CMakeFiles/BNO055.dir/C_/Pico/pico-sdk/lib/tinyusb/src/device/usbd_control.c.obj
 .bss._sw_spin_locks
                0x200016c8       0x20 CMakeFiles/BNO055.dir/C_/Pico/pico-sdk/src/rp2_common/hardware_sync_spin_lock/sync_spin_lock.c.obj
                0x200016c8                _sw_spin_locks
 .bss._ubsd_mutexdef
                0x200016e8        0x8 CMakeFiles/BNO055.dir/C_/Pico/pico-sdk/lib/tinyusb/src/device/usbd.c.obj
 .bss._usbd_ctrl_buf
                0x200016f0       0x40 CMakeFiles/BNO055.dir/C_/Pico/pico-sdk/lib/tinyusb/src/device/usbd_control.c.obj
 .bss._usbd_dev
                0x20001730       0x54 CMakeFiles/BNO055.dir/C_/Pico/pico-sdk/lib/tinyusb/src/device/usbd.c.obj
 .bss._usbd_mutex
                0x20001784        0x4 CMakeFiles/BNO055.dir/C_/Pico/pico-sdk/lib/tinyusb/src/device/usbd.c.obj
 .bss._usbd_q   0x20001788        0x4 CMakeFiles/BNO055.dir/C_/Pico/pico-sdk/lib/tinyusb/src/device/usbd.c.obj
 .bss._usbd_qdef_buf
                0x2000178c       0xc0 CMakeFiles/BNO055.dir/C_/Pico/pico-sdk/lib/tinyusb/src/device/usbd.c.obj
                0x2000178c                _usbd_qdef_buf
 .bss._vendord_itf
                0x2000184c      0x2cc CMakeFiles/BNO055.dir/C_/Pico/pico-sdk/lib/tinyusb/src/class/vendor/vendor_device.c.obj
 .bss.chars_available_callback
                0x20001b18        0x4 CMakeFiles/BNO055.dir/C_/Pico/pico-sdk/src/rp2_common/pico_stdio_usb/stdio_usb.c.obj
 .bss.chars_available_param
                0x20001b1c        0x4 CMakeFiles/BNO055.dir/C_/Pico/pico-sdk/src/rp2_common/pico_stdio_usb/stdio_usb.c.obj
 .bss.claimed   0x20001b20        0x4 CMakeFiles/BNO055.dir/C_/Pico/pico-sdk/src/rp2_common/hardware_sync/sync.c.obj
 .bss.claimed   0x20001b24        0x2 CMakeFiles/BNO055.dir/C_/Pico/pico-sdk/src/rp2_common/hardware_timer/timer.c.obj
 *fill*         0x20001b26        0x2 
 .bss.configured_freq
                0x20001b28       0x28 CMakeFiles/BNO055.dir/C_/Pico/pico-sdk/src/rp2_common/hardware_clocks/clocks.c.obj
 .bss.desc_str.0
                0x20001b50       0x28 CMakeFiles/BNO055.dir/C_/Pico/pico-sdk/src/rp2_common/pico_stdio_usb/stdio_usb_descriptors.c.obj
 .bss.drivers   0x20001b78        0x4 CMakeFiles/BNO055.dir/C_/Pico/pico-sdk/src/rp2_common/pico_stdio/stdio.c.obj
 .bss.e15_last_sof
                0x20001b7c        0x4 CMakeFiles/BNO055.dir/C_/Pico/pico-sdk/lib/tinyusb/src/portable/raspberrypi/rp2040/rp2040_usb.c.obj
                0x20001b7c                e15_last_sof
 .bss.filter    0x20001b80        0x4 CMakeFiles/BNO055.dir/C_/Pico/pico-sdk/src/rp2_common/pico_stdio/stdio.c.obj
 .bss.hw_endpoints
                0x20001b84      0x400 CMakeFiles/BNO055.dir/C_/Pico/pico-sdk/lib/tinyusb/src/portable/raspberrypi/rp2040/dcd_rp2040.c.obj
 .bss.load_value
                0x20001f84        0x4 CMakeFiles/BNO055.dir/C_/Pico/pico-sdk/src/rp2_common/hardware_watchdog/watchdog.c.obj
 .bss.next_buffer_ptr
                0x20001f88        0x4 CMakeFiles/BNO055.dir/C_/Pico/pico-sdk/lib/tinyusb/src/portable/raspberrypi/rp2040/dcd_rp2040.c.obj
 .bss.one_shot_timer_crit_sec
                0x20001f8c        0x8 CMakeFiles/BNO055.dir/C_/Pico/pico-sdk/src/rp2_common/pico_stdio_usb/stdio_usb.c.obj
 .bss.pools     0x20001f94       0x20 CMakeFiles/BNO055.dir/C_/Pico/pico-sdk/src/common/pico_time/time.c.obj
 .bss.retrieved_id
                0x20001fb4        0x8 CMakeFiles/BNO055.dir/C_/Pico/pico-sdk/src/rp2_common/pico_unique_id/unique_id.c.obj
 .bss.sleep_notifier
                0x20001fbc        0x4 CMakeFiles/BNO055.dir/C_/Pico/pico-sdk/src/common/pico_time/time.c.obj
 .bss.stdio_usb_mutex
                0x20001fc0        0x8 CMakeFiles/BNO055.dir/C_/Pico/pico-sdk/src/rp2_common/pico_stdio_usb/stdio_usb.c.obj
 .bss.usbd_serial_str
                0x20001fc8       0x11 CMakeFiles/BNO055.dir/C_/Pico/pico-sdk/src/rp2_common/pico_stdio_usb/stdio_usb_descriptors.c.obj
 .bss._app_driver_count
                0x20001fd9        0x1 CMakeFiles/BNO055.dir/C_/Pico/pico-sdk/lib/tinyusb/src/device/usbd.c.obj
 .bss._sof_enable